11-07 18:36:58.756  2961  3031 I zeasn_db: Storage Success; _id = 4EventBean{ data = 2025-11-07T10:36:58.740,GMT-5:00,,,,990720456112211278,98:C9:BE:38:32:C8,d62903433941333931118f29f9e1cb00,US,en,WHALEOS_SDMC_AMLS905Y5_4KSTB_MTP_P1,7,S905Y5_Brand_0001,10409c21808d834ed5bc58fbcd0b1fee82,wtv10,WHALEOSZEASNS905Y54KSTBMTP0001,WHALEOS_ZEASN_AMLS905Y5_4KSTB_MTP_00000002,WhaleLauncher,2.0.2.32-ZSNMaster-prod,1.2.00,1920*1080*240,9,WhaleOS_10,110070002,pbs,1762511818739,[{"deeplink":""@@"name":"PBS"@@"position":0@@"rsType":6}],,,,,,,,,,98:C9:BE:38:32:C8||172.16.52.180||Ethernet,, event_id=110070002, _id=0, busiType=WHALEOS_AML_CLIENT_LOG}
11-07 18:36:58.756   502   731 D libdolbyms12: handle=0xe8cc2fe0 continuous fade mute begin duration=32, incnt 3
11-07 18:36:58.756   502   731 D libdolbyms12: eTagContinuousState 0,  eCurContinuousState 6, s32InCnt 3
11-07 18:36:58.761  2961  2961 D HomeSearchAppJump: jump: com.pbs.video
11-07 18:36:58.762  2961  2961 W System.err: android.content.pm.PackageManager$NameNotFoundException: com.pbs.video
11-07 18:36:58.762  2961  2961 W System.err: 	at android.app.ApplicationPackageManager.getPackageInfoAsUser(ApplicationPackageManager.java:256)
11-07 18:36:58.762  2961  2961 W System.err: 	at android.app.ApplicationPackageManager.getPackageInfo(ApplicationPackageManager.java:216)
11-07 18:36:58.762  2961  2961 W System.err: 	at android.app.ApplicationPackageManager.getPackageInfo(ApplicationPackageManager.java:210)
11-07 18:36:58.762  2961  2961 W System.err: 	at com.zeasn.utils.AppUtil.isInstalled(AppUtil.java:648)
11-07 18:36:58.762  2961  2961 W System.err: 	at com.zeasn.whaletv.module.home.jump.HomeSearchAppJump.jump(HomeSearchAppJump.java:53)
11-07 18:36:58.762  2961  2961 W System.err: 	at com.zeasn.widget.ex.ExClickEventer.onClick(ExClickEventer.java:55)
11-07 18:36:58.762  2961  2961 W System.err: 	at com.zeasn.widget.ex.ExViewBuilder.onClick(ExViewBuilder.java:82)
11-07 18:36:58.762  2961  2961 W System.err: 	at com.zeasn.widget.ex.ExAdapter.lambda$onAttachedToRecyclerView$1$ExAdapter(ExAdapter.java:211)
11-07 18:36:58.762  2961  2961 W System.err: 	at com.zeasn.widget.ex.-$$Lambda$ExAdapter$OVodBMcEDrNghIw70LaKzNpN21c.onClick(Unknown Source:4)
11-07 18:36:58.762  2961  2961 W System.err: 	at android.view.View.performClick(View.java:7736)
11-07 18:36:58.762  2961  2961 W System.err: 	at android.view.View.performClickInternal(View.java:7713)
11-07 18:36:58.763  2961  2961 W System.err: 	at android.view.View.onKeyUp(View.java:16490)
11-07 18:36:58.763  2961  2961 W System.err: 	at android.view.KeyEvent.dispatch(KeyEvent.java:2955)
11-07 18:36:58.763  2961  2961 W System.err: 	at android.view.View.dispatchKeyEvent(View.java:15678)
11-07 18:36:58.763  2961  2961 W System.err: 	at android.view.ViewGroup.dispatchKeyEvent(ViewGroup.java:1961)
11-07 18:36:58.763  2961  2961 W System.err: 	at android.view.ViewGroup.dispatchKeyEvent(ViewGroup.java:1966)
11-07 18:36:58.763  2961  2961 W System.err: 	at androidx.leanback.widget.BaseGridView.dispatchKeyEvent(BaseGridView.java:1015)
11-07 18:36:58.763  2961  2961 W System.err: 	at com.zeasn.widget.ex.ExHGridView.dispatchKeyEvent(ExHGridView.java:478)
11-07 18:36:58.763  2961  2961 W System.err: 	at com.zeasn.whaleos.widget.WhaleHGridView.dispatchKeyEvent(WhaleHGridView.java:349)
11-07 18:36:58.763  2961  2961 W System.err: 	at android.view.ViewGroup.dispatchKeyEvent(ViewGroup.java:1966)
11-07 18:36:58.763  2961  2961 W System.err: 	at android.view.ViewGroup.dispatchKeyEvent(ViewGroup.java:1966)
11-07 18:36:58.763  2961  2961 W System.err: 	at androidx.leanback.widget.BaseGridView.dispatchKeyEvent(BaseGridView.java:1015)
11-07 18:36:58.763  2961  2961 W System.err: 	at com.zeasn.widget.ex.ExGridView.dispatchKeyEvent(ExGridView.java:586)
11-07 18:36:58.763  2961  2961 W System.err: 	at android.view.ViewGroup.dispatchKeyEvent(ViewGroup.java:1966)
11-07 18:36:58.763  2961  2961 W System.err: 	at android.view.ViewGroup.dispatchKeyEvent(ViewGroup.java:1966)
11-07 18:36:58.763  2961  2961 W System.err: 	at android.view.ViewGroup.dispatchKeyEvent(ViewGroup.java:1966)
11-07 18:36:58.763  2961  2961 W System.err: 	at android.view.ViewGroup.dispatchKeyEvent(ViewGroup.java:1966)
11-07 18:36:58.763  2961  2961 W System.err: 	at android.view.ViewGroup.dispatchKeyEvent(ViewGroup.java:1966)
11-07 18:36:58.763  2961  2961 W System.err: 	at android.view.ViewGroup.dispatchKeyEvent(ViewGroup.java:1966)
11-07 18:36:58.763  2961  2961 W System.err: 	at android.view.ViewGroup.dispatchKeyEvent(ViewGroup.java:1966)
11-07 18:36:58.763  2961  2961 W System.err: 	at com.android.internal.policy.DecorView.superDispatchKeyEvent(DecorView.java:478)
11-07 18:36:58.763  2961  2961 W System.err: 	at com.android.internal.policy.PhoneWindow.superDispatchKeyEvent(PhoneWindow.java:1894)
11-07 18:36:58.763  2961  2961 W System.err: 	at android.app.Activity.dispatchKeyEvent(Activity.java:4361)
11-07 18:36:58.763  2961  2961 W System.err: 	at androidx.core.app.ComponentActivity.superDispatchKeyEvent(ComponentActivity.java:122)
11-07 18:36:58.763  2961  2961 W System.err: 	at androidx.core.view.KeyEventDispatcher.dispatchKeyEvent(KeyEventDispatcher.java:84)
11-07 18:36:58.763  2961  2961 W System.err: 	at androidx.core.app.ComponentActivity.dispatchKeyEvent(ComponentActivity.java:140)
11-07 18:36:58.763  2961  2961 W System.err: 	at androidx.appcompat.app.AppCompatActivity.dispatchKeyEvent(AppCompatActivity.java:599)
11-07 18:36:58.763  2961  2961 W System.err: 	at com.whaletv.launcher.WhBaseActivity.dispatchKeyEvent(WhBaseActivity.java:22)
11-07 18:36:58.763  2961  2961 W System.err: 	at com.zeasn.whaletv.module.home.page.HomeSearchActivity.dispatchKeyEvent(HomeSearchActivity.java:945)
11-07 18:36:58.763  2961  2961 W System.err: 	at androidx.appcompat.view.WindowCallbackWrapper.dispatchKeyEvent(WindowCallbackWrapper.java:59)
11-07 18:36:58.763  2961  2961 W System.err: 	at androidx.appcompat.app.AppCompatDelegateImpl$AppCompatWindowCallback.dispatchKeyEvent(AppCompatDelegateImpl.java:3068)
11-07 18:36:58.763  2961  2961 W System.err: 	at com.android.internal.policy.DecorView.dispatchKeyEvent(DecorView.java:392)
11-07 18:36:58.763  2961  2961 W System.err: 	at android.view.ViewRootImpl$ViewPostImeInputStage.processKeyEvent(ViewRootImpl.java:7162)
11-07 18:36:58.764  2961  2961 W System.err: 	at android.view.ViewRootImpl$ViewPostImeInputStage.onProcess(ViewRootImpl.java:7028)
11-07 18:36:58.764  2961  2961 W System.err: 	at android.view.ViewRootImpl$InputStage.deliver(ViewRootImpl.java:6435)
11-07 18:36:58.764  2961  2961 W System.err: 	at android.view.ViewRootImpl$InputStage.onDeliverToNext(ViewRootImpl.java:6492)
11-07 18:36:58.764  2961  2961 W System.err: 	at android.view.ViewRootImpl$InputStage.forward(ViewRootImpl.java:6458)
11-07 18:36:58.764  2961  2961 W System.err: 	at android.view.ViewRootImpl$AsyncInputStage.forward(ViewRootImpl.java:6623)
11-07 18:36:58.764  2961  2961 W System.err: 	at android.view.ViewRootImpl$InputStage.apply(ViewRootImpl.java:6466)
11-07 18:36:58.764  2961  2961 W System.err: 	at android.view.ViewRootImpl$AsyncInputStage.apply(ViewRootImpl.java:6680)
11-07 18:36:58.764  2961  2961 W System.err: 	at android.view.ViewRootImpl$InputStage.deliver(ViewRootImpl.java:6439)
11-07 18:36:58.764  2961  2961 W System.err: 	at android.view.ViewRootImpl$InputStage.onDeliverToNext(ViewRootImpl.java:6492)
11-07 18:36:58.764  2961  2961 W System.err: 	at android.view.ViewRootImpl$InputStage.forward(ViewRootImpl.java:6458)
11-07 18:36:58.764  2961  2961 W System.err: 	at android.view.ViewRootImpl$InputStage.apply(ViewRootImpl.java:6466)
11-07 18:36:58.764  2961  2961 W System.err: 	at android.view.ViewRootImpl$InputStage.deliver(ViewRootImpl.java:6439)
11-07 18:36:58.764  2961  2961 W System.err: 	at android.view.ViewRootImpl$InputStage.onDeliverToNext(ViewRootImpl.java:6492)
11-07 18:36:58.764  2961  2961 W System.err: 	at android.view.ViewRootImpl$InputStage.forward(ViewRootImpl.java:6458)
11-07 18:36:58.764  2961  2961 W System.err: 	at android.view.ViewRootImpl$AsyncInputStage.forward(ViewRootImpl.java:6656)
11-07 18:36:58.764  2961  2961 W System.err: 	at android.view.ViewRootImpl$ImeInputStage.onFinishedInputEvent(ViewRootImpl.java:6867)
11-07 18:36:58.764  2961  2961 W System.err: 	at android.view.inputmethod.InputMethodManager$PendingEvent.run(InputMethodManager.java:4303)
11-07 18:36:58.764  2961  2961 W System.err: 	at android.view.inputmethod.InputMethodManager.invokeFinishedInputEventCallback(InputMethodManager.java:3740)
11-07 18:36:58.764  2961  2961 W System.err: 	at android.view.inputmethod.InputMethodManager.finishedInputEvent(InputMethodManager.java:3731)
11-07 18:36:58.764  2961  2961 W System.err: 	at android.view.inputmethod.InputMethodManager.-$$Nest$mfinishedInputEvent(Unknown Source:0)
11-07 18:36:58.764  2961  2961 W System.err: 	at android.view.inputmethod.InputMethodManager$ImeInputEventSender.onInputEventFinished(InputMethodManager.java:4280)
11-07 18:36:58.764  2961  2961 W System.err: 	at android.view.InputEventSender.dispatchInputEventFinished(InputEventSender.java:154)
11-07 18:36:58.764  2961  2961 W System.err: 	at android.os.MessageQueue.nativePollOnce(Native Method)
11-07 18:36:58.764  2961  2961 W System.err: 	at android.os.MessageQueue.next(MessageQueue.java:335)
11-07 18:36:58.764  2961  2961 W System.err: 	at android.os.Looper.loopOnce(Looper.java:162)
11-07 18:36:58.764  2961  2961 W System.err: 	at android.os.Looper.loop(Looper.java:294)
11-07 18:36:58.764  2961  2961 W System.err: 	at android.app.ActivityThread.main(ActivityThread.java:8255)
11-07 18:36:58.764  2961  2961 W System.err: 	at java.lang.reflect.Method.invoke(Native Method)
11-07 18:36:58.764  2961  2961 W System.err: 	at com.android.internal.os.RuntimeInit$MethodAndArgsCaller.run(RuntimeInit.java:552)
11-07 18:36:58.764  2961  2961 W System.err: 	at com.android.internal.os.ZygoteInit.main(ZygoteInit.java:978)
11-07 18:36:58.765  2961  2961 D HomeSearchAppJump: jump: isNotLocalApp, go into app detail page com.pbs.video
11-07 18:36:58.765  2961  2961 E Zeasn   : JumpStartUtil  {"appvsId":"966358952718175691","id":"729403290475366376"}  rstype = 6
11-07 18:36:58.765  2961  2961 E Zeasn   :   deeplink = null
11-07 18:36:58.766  2961  3031 I zeasn_db: Storage Success; _id = 5EventBean{ data = 2025-11-07T10:36:58.751,GMT-5:00,,,,990720456112211278,98:C9:BE:38:32:C8,d62903433941333931118f29f9e1cb00,US,en,WHALEOS_SDMC_AMLS905Y5_4KSTB_MTP_P1,7,S905Y5_Brand_0001,10409c21808d834ed5bc58fbcd0b1fee82,wtv10,WHALEOSZEASNS905Y54KSTBMTP0001,WHALEOS_ZEASN_AMLS905Y5_4KSTB_MTP_00000002,WhaleLauncher,2.0.2.32-ZSNMaster-prod,1.2.00,1920*1080*240,9,WhaleOS_10,110100006,Search,,[{"appName":"PBS"@@"packageName":"com.pbs.video"@@"versionName":""@@"versionCode":""}],,,,,,,,,,98:C9:BE:38:32:C8||172.16.52.180||Ethernet,, event_id=110100006, _id=0, busiType=WHALEOS_AML_CLIENT_LOG}
11-07 18:36:58.770  2961  2961 D ----->  : startAppsDetail: value= {"appvsId":"966358952718175691","id":"729403290475366376"} pkg= com.pbs.video
11-07 18:36:58.773   502   731 I audio_hw_hal_alsamgr: alsa format =0x1 delay frames =1024 total frames=397674240
11-07 18:36:58.774   857   943 D ActivityTaskManager: startActivityAsUser called with:
11-07 18:36:58.774   857   943 D ActivityTaskManager: caller: android.app.IApplicationThread$Stub$Proxy@109898d
11-07 18:36:58.774   857   943 D ActivityTaskManager: callingPackage: com.whaletv.launcher
11-07 18:36:58.774   857   943 D ActivityTaskManager: callingFeatureId: null
11-07 18:36:58.774   857   943 D ActivityTaskManager: intent: intent:#Intent;component=com.whaletv.launcher/com.zeasn.whaleos.appstore.activity.AppsDetailActivity;S.therouter_path=%2Fappstore%2Fapps%2FAppsDetailActivity%3FpackageName%3Dcom.pbs.video;S.therouter_description=;S.therouter_action=;S.packageName=com.pbs.video;end
11-07 18:36:58.774   857   943 D ActivityTaskManager: resolvedType: null
11-07 18:36:58.774   857   943 D ActivityTaskManager: resultTo: Token{d44a9c5 ActivityRecord{5c3783c u0 com.whaletv.launcher/com.zeasn.whaletv.module.home.page.HomeSearchActivity t6}}
11-07 18:36:58.774   857   943 D ActivityTaskManager: resultWho: null
11-07 18:36:58.774   857   943 D ActivityTaskManager: requestCode: -1
11-07 18:36:58.774   857   943 D ActivityTaskManager: startFlags: 0x0
11-07 18:36:58.774   857   943 D ActivityTaskManager: profilerInfo: null
11-07 18:36:58.774   857   943 D ActivityTaskManager: bOptions: null
11-07 18:36:58.774   857   943 D ActivityTaskManager: userId: 0
11-07 18:36:58.774   857   943 D ActivityTaskManager: validateIncomingUser: true
11-07 18:36:58.774   857   943 D ActivityTaskManager: parentcontrol_verifyresult: null origin_callingPackage:null
11-07 18:36:58.774   857   943 D ActivityTaskManager: targetAppPackageName:com.whaletv.launcher CurrentPackageName:com.whaletv.launcher
11-07 18:36:58.774   857   943 D ActivityTaskManager: intent:intent:#Intent;component=com.whaletv.launcher/com.zeasn.whaleos.appstore.activity.AppsDetailActivity;S.therouter_path=%2Fappstore%2Fapps%2FAppsDetailActivity%3FpackageName%3Dcom.pbs.video;S.therouter_description=;S.therouter_action=;S.packageName=com.pbs.video;end
11-07 18:36:58.775   560   739 D AudioFlinger: mixer(0xf471bde0) throttle end: throttle time(2)
11-07 18:36:58.775   502  1085 I audio_hw_hal_stream: aml_stream_out_info_print: out:0xe89c5290, stream_type:pcm, sync_mode:non tunnel, input_size:122588160 bytes
11-07 18:36:58.775   502  1085 I audio_hw_hal_stream: aml_stream_out_info_print: last_time:7798765 ms (sec:7798, nsec:765157259), last_position:638327 ms (30639696), cur_time:8302262 ms (sec:8302, nsec:262632457), cur_position:638340 ms (30640336)
11-07 18:36:58.775   502  1085 I audio_hw_hal_stream: aml_stream_out_info_print: time_gap:503497 ms (thr:100 ms), position_gap:13 ms, delay:139 ms, jitter: Position gap is behind system time gap by 503484 ms (thr:100 ms)
11-07 18:36:58.776   857   943 D ActivityTaskManager: app setActivityInfo; mActivityInfo.screenOrientation : 0
11-07 18:36:58.778   857   943 E CellBroadcastUtils: getDefaultCellBroadcastReceiverPackageName: no package found
11-07 18:36:58.785   857   943 V SplashScreenExceptionList: SplashScreen checking exception for package com.whaletv.launcher (target sdk:28) -> false
11-07 18:36:58.787   857   943 D PowerManagerService: acquireWakeLockInternal: lock=203440193, flags=0x1, tag="*launch*", ws=WorkSource{1000}, uid=1000, pid=857
11-07 18:36:58.787   857   943 D PowerManagerService: updateWakeLockSummaryLocked: mWakefulness=Awake, mWakeLockSummary=0x1
11-07 18:36:58.787   857   943 D PowerManagerService: updateUserActivitySummaryLocked: groupId=0, mWakefulness=Awake, mUserActivitySummary=0x1, nextTimeout=9195215 (in 892939 ms)
11-07 18:36:58.787   857   943 D PowerManagerService: updateDisplayPowerStateLocked: displayReady=true, groupId=0, policy=BRIGHT, mWakefulness=Awake, mWakeLockSummary=0x1, mUserActivitySummary=0x1, mBootCompleted=true, screenBrightnessOverride=NaN, mScreenBrightnessBoostInProgress=false, sQuiescent=false
11-07 18:36:58.788   857   914 I PowerManagerService: pmsarc mScreenOffTimeoutSetting =900000
11-07 18:36:58.790  1151  1193 V WindowManagerShell: Transition requested: android.os.BinderProxy@acf2054 TransitionRequestInfo { type = 1, triggerTask = TaskInfo{userId=0 taskId=29 displayId=0 isRunning=true baseIntent=Intent { flg=0x10000000 cmp=com.whaletv.launcher/com.zeasn.whaleos.appstore.activity.AppsDetailActivity } baseActivity=ComponentInfo{com.whaletv.launcher/com.zeasn.whaleos.appstore.activity.AppsDetailActivity} topActivity=ComponentInfo{com.whaletv.launcher/com.zeasn.whaleos.appstore.activity.AppsDetailActivity} origActivity=null realActivity=ComponentInfo{com.whaletv.launcher/com.zeasn.whaleos.appstore.activity.AppsDetailActivity} numActivities=1 lastActiveTime=8302277 supportsMultiWindow=false resizeMode=1 isResizeable=true minWidth=-1 minHeight=-1 defaultMinSize=220 token=WCT{android.window.IWindowContainerToken$Stub$Proxy@b028bfd} topActivityType=1 pictureInPictureParams=null shouldDockBigOverlays=true launchIntoPipHostTaskId=-1 lastParentTaskIdBeforePip=-1 displayCutoutSafeInsets=null topActivityInfo=ActivityInfo{96ae0f2 com.zeasn.whaleos.appstore.activity.AppsDetailActivity} launchCookies=[] positionInParent=Point(0, 0) parentTaskId=-1 isFocused=false isVisible=false isVisibleRequested=false isSleeping=false topActivityInSizeCompat=false topActivityEligibleForLetterboxEducation= false isLetterboxDoubleTapEnabled= false topActivityEligibleForUserAspectRatioButton= false topActivityBoundsLetterboxed= false isFromLetterboxDoubleTap= false topActivityLetterboxVerticalPosition= -1 topActivityLetterboxHorizontalPosition= -1 topActivityLetterboxWidth=-1 topActivityLetterboxHeight=-1 isUserFullscreenOverrideEnabled=false isTopActivityTransparent=false locusId=null displayAreaFeatureId=1 cameraCompatControlState=hidden}, remoteTransition = null, displayChange = null, flags = 0 }
11-07 18:36:58.790   857   943 I ActivityTaskManager: START u0 {cmp=com.whaletv.launcher/com.zeasn.whaleos.appstore.activity.AppsDetailActivity (has extras)} with LAUNCH_SINGLE_TASK from uid 1000 (BAL_ALLOW_ALLOWLISTED_UID) result code=0
11-07 18:36:58.795   502   731 D libdolbyms12: handle=0xe8cc2fe0 continuous fade in begin duration=32, incnt 3
11-07 18:36:58.795   502   731 D libdolbyms12: eTagContinuousState 0,  eCurContinuousState 5, s32InCnt 3
11-07 18:36:58.795  2961  2961 I HomeSearchActivity: dispatchKeyEvent: 1
11-07 18:36:58.795  2961  2961 I MenuTimerObserver: MenuTimerObserver onChange:  option -> key_zeasn_record_user_rc_operation
11-07 18:36:58.798  2961  2961 I WhaleOsApp: MenuTimerImpl refreshShopModeAction -> 
11-07 18:36:58.799  2961  2961 D PidFactory: use env2 config ,env -> prod
11-07 18:36:58.799  2961  2961 I WhaleOsApp: MenuTimerImpl shopModeEnable -> false
11-07 18:36:58.799  2961  2961 I WhaleOsApp: MenuTimerImpl cancel enter E-sticker shop mode...
11-07 18:36:58.800  2961  2961 I MicroBaseActivityLifeCycleCallback: ActivityLifecycle > onActivityPaused HomeSearchActivity
11-07 18:36:58.813   857   890 W ProcessStats: Tracking association SourceState{6baa902 com.whaletv.launcher:filedownloader/1000 BTop #3316} whose proc state 2 is better than process ProcessState{2df32a1 com.zeasn.tokenapp/1000 pkg=com.zeasn.tokenapp} proc state 3 (0 skipped)
11-07 18:36:58.813   254   254 I BpBinder: onLastStrongRef automatically unlinking death recipients: 
11-07 18:36:58.814   502  1085 I audio_hw_hal_primary: [audiohal_get_latency:1036] io 13: out:0xe89c5290 frames:1024 rate:48000 whole_latency:21 alsa_latency:21
11-07 18:36:58.825   502  1085 I audio_hw_hal_primary: [audiohal_get_latency:1036] io 13: out:0xe89c5290 frames:1024 rate:48000 whole_latency:21 alsa_latency:21
11-07 18:36:58.828  2961  2961 I MicroBaseActivityLifeCycleCallback: ActivityLifecycle > onActivityCreated AppsDetailActivity,bundle=null
11-07 18:36:58.830   502   731 D libdolbyms12: eTagContinuousState 0,  eCurContinuousState 0, s32InCnt 3
11-07 18:36:58.831  2506  4590 D RemoteService: Service not connected, waiting to retry
11-07 18:36:58.833   502  1085 I audio_hw_hal_primary: [audiohal_get_latency:1036] io 13: out:0xe89c5290 frames:1152 rate:48000 whole_latency:24 alsa_latency:24
11-07 18:36:58.844   502  1085 I audio_hw_hal_primary: [audiohal_get_latency:1036] io 13: out:0xe89c5290 frames:1152 rate:48000 whole_latency:24 alsa_latency:24
11-07 18:36:58.850  2961  2961 D View    : setVoiceDescription:>The More button on the App Details page is used to pop up more display layers
11-07 18:36:58.851  2961  2961 D View    : setVoiceTag:tv_apps_detail_more
11-07 18:36:58.853   502  1085 I audio_hw_hal_primary: [audiohal_get_latency:1036] io 13: out:0xe89c5290 frames:1024 rate:48000 whole_latency:21 alsa_latency:21
11-07 18:36:58.854  2961  2961 D View    : setVoiceTag:tv_apps_detail_start
11-07 18:36:58.856  2961  2961 D View    : setVoiceTag:tv_apps_detail_middle
11-07 18:36:58.857  2961  2961 D View    : setVoiceTag:tv_apps_detail_end
11-07 18:36:58.863   502  1085 I audio_hw_hal_primary: [audiohal_get_latency:1036] io 13: out:0xe89c5290 frames:1280 rate:48000 whole_latency:26 alsa_latency:26
11-07 18:36:58.867  2961  2961 D WhaleHGridView: setFocusScrollStrategy = 1
11-07 18:36:58.870  2961  2961 D saas_api: BaseDetailActivity  mPkgName==com.pbs.video == mIsExternalJumpfalse
11-07 18:36:58.871  2961 11060 W ContextImpl: Calling a method in the system process without a qualified user: android.app.ContextImpl.bindService:1988 android.content.ContextWrapper.bindService:861 com.google.android.gms.common.stats.ConnectionTracker.zze:1 com.google.android.gms.common.stats.ConnectionTracker.zzc:11 com.google.android.gms.common.stats.ConnectionTracker.bindService:2 
11-07 18:36:58.872   502  1085 I audio_hw_hal_primary: [audiohal_get_latency:1036] io 13: out:0xe89c5290 frames:1152 rate:48000 whole_latency:24 alsa_latency:24
11-07 18:36:58.872  2961  2961 I [LiveEventBus]: observe observer: com.jeremyliao.liveeventbus.core.LiveEventBusCore$ObserverWrapper@2a0dbbb(com.zeasn.whaleos.appstore.activity.-$$Lambda$AppsDetailActivity$nirL_fjoZ1B7eoNHaOVU2FM3urY@f12b8d8) on owner: com.zeasn.whaleos.appstore.activity.AppsDetailActivity@d052f73 with key: global_net_change
11-07 18:36:58.875  2961  2961 D AppsDetailActivity: onCreate   bundle==null
11-07 18:36:58.876  2961  2961 D SystemUnlockObserver:  registerContentObserver before
11-07 18:36:58.878  2961  2961 D SystemUnlockObserver:  registerContentObserver after
11-07 18:36:58.880  2961  2961 I MicroBaseActivityLifeCycleCallback: ActivityLifecycle > onActivityStarted AppsDetailActivity
11-07 18:36:58.882  2961  2961 I MicroBaseActivityLifeCycleCallback: ActivityLifecycle > onActivityResumed AppsDetailActivity
11-07 18:36:58.883   502  1085 I audio_hw_hal_primary: [audiohal_get_latency:1036] io 13: out:0xe89c5290 frames:1152 rate:48000 whole_latency:24 alsa_latency:24
11-07 18:36:58.887   857  1828 W WindowManager: Failed looking up window session=Session{1d503e 2961:1000} callers=com.android.server.wm.WindowManagerService.windowForClientLocked:6075 com.android.server.wm.Session.updateRequestedVisibleTypes:695 android.view.IWindowSession$Stub.onTransact:1034 
11-07 18:36:58.887   857   943 W WindowManager: [addWindow] title:com.whaletv.launcher/com.zeasn.whaleos.appstore.activity.AppsDetailActivity
11-07 18:36:58.891   502  1085 I audio_hw_hal_primary: [audiohal_get_latency:1036] io 13: out:0xe89c5290 frames:1152 rate:48000 whole_latency:24 alsa_latency:24
11-07 18:36:58.899   857   943 D CoreBackPreview: Window{56188c1 u0 com.whaletv.launcher/com.zeasn.whaleos.appstore.activity.AppsDetailActivity}: Setting back callback OnBackInvokedCallbackInfo{mCallback=android.window.IOnBackInvokedCallback$Stub$Proxy@14347a7, mPriority=0, mIsAnimationCallback=false}
11-07 18:36:58.902   502  1085 I audio_hw_hal_primary: [audiohal_get_latency:1036] io 13: out:0xe89c5290 frames:1152 rate:48000 whole_latency:24 alsa_latency:24
11-07 18:36:58.909  1368  1388 I NetflixService: onTaskStackChanged
11-07 18:36:58.909  1151  1193 D WindowManagerShell: TvPipController: onTaskStackChanged()
11-07 18:36:58.910  2961  3026 E OpenGLRenderer: Unable to match the desired swap behavior.
11-07 18:36:58.911   502  1085 I audio_hw_hal_primary: [audiohal_get_latency:1036] io 13: out:0xe89c5290 frames:1024 rate:48000 whole_latency:21 alsa_latency:21
11-07 18:36:58.922   502  1085 I audio_hw_hal_primary: [audiohal_get_latency:1036] io 13: out:0xe89c5290 frames:1280 rate:48000 whole_latency:26 alsa_latency:26
11-07 18:36:58.925  2961  2961 D WhaleHGridView: not should FixFocusToSecondLast=com.zeasn.whaleos.widget.WhaleHGridView{50fef03 VFE...... ........ 66,0-1918,1080 #7f0b0091 app:id/apps_list_screen_shot}
11-07 18:36:58.929   857   887 I ActivityTaskManager: Displayed com.whaletv.launcher/com.zeasn.whaleos.appstore.activity.AppsDetailActivity for user 0: +149ms
11-07 18:36:58.930   857   887 V WindowManager: Sent Transition #152 createdAt=11-07 05:36:58.777 via request=TransitionRequestInfo { type = 1, triggerTask = TaskInfo{userId=0 taskId=29 displayId=0 isRunning=true baseIntent=Intent { flg=0x10000000 cmp=com.whaletv.launcher/com.zeasn.whaleos.appstore.activity.AppsDetailActivity } baseActivity=ComponentInfo{com.whaletv.launcher/com.zeasn.whaleos.appstore.activity.AppsDetailActivity} topActivity=ComponentInfo{com.whaletv.launcher/com.zeasn.whaleos.appstore.activity.AppsDetailActivity} origActivity=null realActivity=ComponentInfo{com.whaletv.launcher/com.zeasn.whaleos.appstore.activity.AppsDetailActivity} numActivities=1 lastActiveTime=8302277 supportsMultiWindow=false resizeMode=1 isResizeable=true minWidth=-1 minHeight=-1 defaultMinSize=220 token=WCT{RemoteToken{bf74f2 Task{d9ef490 #29 type=standard A=1000:com.whaletv.module.appstore.APP_DETAIL_TASK}}} topActivityType=1 pictureInPictureParams=null shouldDockBigOverlays=true launchIntoPipHostTaskId=-1 lastParentTaskIdBeforePip=-1 displayCutoutSafeInsets=null topActivityInfo=ActivityInfo{c52b743 com.zeasn.whaleos.appstore.activity.AppsDetailActivity} launchCookies=[] positionInParent=Point(0, 0) parentTaskId=-1 isFocused=false isVisible=false isVisibleRequested=false isSleeping=false topActivityInSizeCompat=false topActivityEligibleForLetterboxEducation= false isLetterboxDoubleTapEnabled= false topActivityEligibleForUserAspectRatioButton= false topActivityBoundsLetterboxed= false isFromLetterboxDoubleTap= false topActivityLetterboxVerticalPosition= -1 topActivityLetterboxHorizontalPosition= -1 topActivityLetterboxWidth=-1 topActivityLetterboxHeight=-1 isUserFullscreenOverrideEnabled=false isTopActivityTransparent=false locusId=null displayAreaFeatureId=1 cameraCompatControlState=hidden}, remoteTransition = null, displayChange = null, flags = 0 }
11-07 18:36:58.930   857   887 V WindowManager:     startWCT=WindowContainerTransaction { changes = {} hops = [] errorCallbackToken=null taskFragmentOrganizer=null }
11-07 18:36:58.930  1151  1193 V WindowManagerShell: onTransitionReady android.os.BinderProxy@acf2054: {id=152 t=OPEN f=0x0 trk=0 r=[0@Point(0, 0)] c=[{WCT{android.window.IWindowContainerToken$Stub$Proxy@dc21a3e} m=OPEN f=NONE leash=Surface(name=Task=29)/@0x37b343 sb=Rect(0, 0 - 1920, 1080) eb=Rect(0, 0 - 1920, 1080) d=0},{WCT{android.window.IWindowContainerToken$Stub$Proxy@998409f} m=TO_BACK f=NONE leash=Surface(name=Task=1)/@0x927edc0 sb=Rect(0, 0 - 1920, 1080) eb=Rect(0, 0 - 1920, 1080) d=0}]}
11-07 18:36:58.930   857   887 V WindowManager:     info={id=152 t=OPEN f=0x0 trk=0 r=[0@Point(0, 0)] c=[{WCT{RemoteToken{bf74f2 Task{d9ef490 #29 type=standard A=1000:com.whaletv.module.appstore.APP_DETAIL_TASK}}} m=OPEN f=NONE leash=Surface(name=Task=29)/@0xba49454 sb=Rect(0, 0 - 1920, 1080) eb=Rect(0, 0 - 1920, 1080) d=0},{WCT{RemoteToken{a3787f Task{931bcfa #1 type=home}}} m=TO_BACK f=NONE leash=Surface(name=Task=1)/@0x1478bae sb=Rect(0, 0 - 1920, 1080) eb=Rect(0, 0 - 1920, 1080) d=0}]}
11-07 18:36:58.930  1151  1193 V WindowManagerShell: Playing animation for (#152)android.os.BinderProxy@acf2054@0
11-07 18:36:58.931  1151  1193 V WindowManagerShell:  try handler com.android.wm.shell.keyguard.KeyguardTransitionHandler@53a6eb3
11-07 18:36:58.931  1151  1193 V WindowManagerShell:  try handler com.android.wm.shell.pip.tv.TvPipTransition@90ddc70
11-07 18:36:58.931  1151  1193 V WindowManagerShell:  try handler com.android.wm.shell.activityembedding.ActivityEmbeddingController@2b12be9
11-07 18:36:58.932  1151  1193 V WindowManagerShell:  try handler com.android.wm.shell.transition.RemoteTransitionHandler@6e06e
11-07 18:36:58.932  1151  1193 V WindowManagerShell: Transition doesn't have explicit remote, search filters for match for {id=152 t=OPEN f=0x0 trk=0 r=[0@Point(0, 0)] c=[{WCT{android.window.IWindowContainerToken$Stub$Proxy@dc21a3e} m=OPEN f=NONE leash=Surface(name=Task=29)/@0x37b343 sb=Rect(0, 0 - 1920, 1080) eb=Rect(0, 0 - 1920, 1080) d=0},{WCT{android.window.IWindowContainerToken$Stub$Proxy@998409f} m=TO_BACK f=NONE leash=Surface(name=Task=1)/@0x927edc0 sb=Rect(0, 0 - 1920, 1080) eb=Rect(0, 0 - 1920, 1080) d=0}]}
11-07 18:36:58.932  1151  1193 V WindowManagerShell:  Delegate animation for #152 to null
11-07 18:36:58.932  1151  1193 V WindowManagerShell:  try handler com.android.wm.shell.transition.DefaultTransitionHandler@e63430f
11-07 18:36:58.932  1151  1193 V WindowManagerShell: start default transition animation, info = {id=152 t=OPEN f=0x0 trk=0 r=[0@Point(0, 0)] c=[{WCT{android.window.IWindowContainerToken$Stub$Proxy@dc21a3e} m=OPEN f=NONE leash=Surface(name=Task=29)/@0x37b343 sb=Rect(0, 0 - 1920, 1080) eb=Rect(0, 0 - 1920, 1080) d=0},{WCT{android.window.IWindowContainerToken$Stub$Proxy@998409f} m=TO_BACK f=NONE leash=Surface(name=Task=1)/@0x927edc0 sb=Rect(0, 0 - 1920, 1080) eb=Rect(0, 0 - 1920, 1080) d=0}]}
11-07 18:36:58.933  1151  1193 V WindowManagerShell: loadAnimation: anim=android.view.animation.AlphaAnimation@37e25ec animAttr=0x9 type=OPEN isEntrance=false
11-07 18:36:58.933  1151  1193 V WindowManagerShell: loadAnimation: anim=android.view.animation.AlphaAnimation@ccc3db5 animAttr=0x8 type=OPEN isEntrance=true
11-07 18:36:58.934   502  1085 I audio_hw_hal_primary: [audiohal_get_latency:1036] io 13: out:0xe89c5290 frames:1280 rate:48000 whole_latency:26 alsa_latency:26
11-07 18:36:58.936  1151  1193 V WindowManagerShell:  animated by com.android.wm.shell.transition.DefaultTransitionHandler@e63430f
11-07 18:36:58.942   857   943 D PowerManagerService: releaseWakeLockInternal: lock=203440193 [*launch*], flags=0x0
11-07 18:36:58.942   857   943 D PowerManagerService: updateWakeLockSummaryLocked: mWakefulness=Awake, mWakeLockSummary=0x1
11-07 18:36:58.942   857   943 D PowerManagerService: updateUserActivitySummaryLocked: groupId=0, mWakefulness=Awake, mUserActivitySummary=0x1, nextTimeout=9195215 (in 892784 ms)
11-07 18:36:58.942   857   943 D PowerManagerService: updateDisplayPowerStateLocked: displayReady=true, groupId=0, policy=BRIGHT, mWakefulness=Awake, mWakeLockSummary=0x1, mUserActivitySummary=0x1, mBootCompleted=true, screenBrightnessOverride=NaN, mScreenBrightnessBoostInProgress=false, sQuiescent=false
11-07 18:36:58.943   857   914 I PowerManagerService: pmsarc mScreenOffTimeoutSetting =900000
11-07 18:36:58.945   502  1085 I audio_hw_hal_primary: [audiohal_get_latency:1036] io 13: out:0xe89c5290 frames:1152 rate:48000 whole_latency:24 alsa_latency:24
11-07 18:36:58.951   502  1085 I audio_hw_hal_primary: [audiohal_get_latency:1036] io 13: out:0xe89c5290 frames:1152 rate:48000 whole_latency:24 alsa_latency:24
11-07 18:36:58.961   502  1085 I audio_hw_hal_primary: [audiohal_get_latency:1036] io 13: out:0xe89c5290 frames:1152 rate:48000 whole_latency:24 alsa_latency:24
11-07 18:36:58.963   560   739 D audioserver: logFgsApiEnd: FGS Logger Transaction failed, -129
11-07 18:36:58.965   857   943 D PowerManagerService: updateWakeLockWorkSourceInternal: lock=56908324 [AudioMix], ws=null
11-07 18:36:58.987   857   943 I ImeTracker: com.whaletv.launcher:24278164: onRequestHide at ORIGIN_SERVER_HIDE_INPUT reason HIDE_UNSPECIFIED_WINDOW
11-07 18:36:58.987   857   943 I ImeTracker: com.whaletv.launcher:24278164: onCancelled at PHASE_SERVER_SHOULD_HIDE
11-07 18:36:58.990  2172  2172 D InputModeSwitcher: is english -------- two --
11-07 18:36:58.990  2172  2172 D InputModeSwitcher: saveInputMode --- 33554432
11-07 18:36:59.030   857   943 E JobScheduler.JobStatus: App com.whaletv.launcher became active but still in NEVER bucket
11-07 18:36:59.049  2961  2961 D AppsDetailActivity: requestInfoMore
11-07 18:36:59.050  2961  2961 D RequestWhaleTVApi: DigitalSignUtil.getSignature: 
11-07 18:36:59.057  2961 11023 I okhttp.OkHttpClient: --> GET https://saas.zeasn.tv/sp/api/device/v1/app/getByPkg?token=123bebd75195d640da9b6ef190eacfc428.7.wtv10..98c9be3832c8&pkg=com.pbs.video http/1.1
11-07 18:36:59.057  2961 11023 I okhttp.OkHttpClient: User-Agent: ZeasnAOSP/14 (EUI64=98C9BEfffe3832C8;DeviceType=WHALEOS_SDMC_AMLS905Y5_4KSTB_MTP_P1;ProductID=wtv10;DeviceSetID=;BrandID=7;ClientPKG=com.whaletv.launcher;ClientVersion=2.0.2.32-ZSNMaster-prod;ClientVersionNum=20000232;UserAgentVersion=2.0)
11-07 18:36:59.058  2961 11023 I okhttp.OkHttpClient: userToken: oxPJEzyJdIKohh7xvgwyG7yabVcXTQxfgI7Ko6hG8Bg
11-07 18:36:59.058  2961 11023 I okhttp.OkHttpClient: Host: saas.zeasn.tv
11-07 18:36:59.059  2961 11023 I okhttp.OkHttpClient: Connection: Keep-Alive
11-07 18:36:59.060  2961 11023 I okhttp.OkHttpClient: Accept-Encoding: gzip
11-07 18:36:59.060  2961 11023 I okhttp.OkHttpClient: --> END GET
11-07 18:36:59.121   857  2670 E JobScheduler.JobStatus: App com.whaletv.launcher became active but still in NEVER bucket
11-07 18:36:59.238  2186  2186 D whaleservice: intent action =com.zeasn.action.KEY_RESET_ENERGY
11-07 18:36:59.238  2186  2186 D whaleservice:  action change =com.zeasn.action.KEY_RESET_ENERGY
11-07 18:36:59.238  2186  2186 D whaleservice: Reset 
11-07 18:36:59.238  2186  2186 D whaleservice: intent printFlagSleep =false
11-07 18:36:59.240  2186  2186 D whaleservice: resetExecutorService i = 0 timerTime =14400
11-07 18:36:59.288  2961 11023 I okhttp.OkHttpClient: <-- 200 OK https://saas.zeasn.tv/sp/api/device/v1/app/getByPkg?token=123bebd75195d640da9b6ef190eacfc428.7.wtv10..98c9be3832c8&pkg=com.pbs.video (227ms)
11-07 18:36:59.288  2961 11023 I okhttp.OkHttpClient: Access-Control-Allow-Headers: *
11-07 18:36:59.288  2961 11023 I okhttp.OkHttpClient: Access-Control-Allow-Methods: POST, GET, PUT, OPTIONS, DELETE
11-07 18:36:59.288  2961 11023 I okhttp.OkHttpClient: Access-Control-Allow-Origin: *
11-07 18:36:59.288  2961 11023 I okhttp.OkHttpClient: Content-Encoding: gzip
11-07 18:36:59.288  2961 11023 I okhttp.OkHttpClient: Content-Type: application/json;charset=UTF-8
11-07 18:36:59.288  2961 11023 I okhttp.OkHttpClient: Date: Fri, 07 Nov 2025 10:36:59 GMT
11-07 18:36:59.288  2961 11023 I okhttp.OkHttpClient: Vary: Accept-Encoding
11-07 18:36:59.288  2961 11023 I okhttp.OkHttpClient: Transfer-Encoding: chunked
11-07 18:36:59.291  2961 11023 I okhttp.OkHttpClient: {"data":{"adultLock":false,"apkType":"XAPK","attribution":"NetTV","categories":{"id":"900529333876556325","name":"Video"},"deeplink":{"linux":""},"description":"Get the PBS app and stream heartwarming shows like All Creatures Great & Small and Call the Midwife, plus new documentary series like Ken Burns’ American Buffalo. The PBS app features the latest news, live TV from your local PBS station, award-winning documentaries, and iconic series. Download the PBS app and stream thousands of full-length episodes anytime, anywhere!\n\nStreaming and watching TV is made easy with the PBS app. Watch series you love and discover brand new shows, live or on demand, with PBS’s streaming app available on your mobile phone, tablet, or Smart TV.\n\nUnlike conventional streaming apps, PBS lets you access local TV live! Stream local content with the PBS app livestream and discover your favorite local PBS station shows.\n\nStay up to date with the latest news; watching shows like Frontline, PBS News Hour, and Washington Week with The Atlantic. Catch up on your favorite British dramas with Masterpiece classics including complete seasons of Sherlock, Wolf Hall, Grantchester, and Sanditon. Learn about history and science with new episodes of Finding Your Roots, Antiques Roadshow, Nature, and NOVA. Discover exciting musical performances watching Great Performances and Austin City Limits. You never have to miss a show with brand new videos and episodes added daily to the PBS app.","digitalSign":"8b271a81fc2709631967c5fa65997452","downloadSize":41.21,"downloads":"12","icons":[{"height":180,"size":"320*180","url":"https://cache.zeasn.tv/prod/zeasn-saas-asp/asp/pic/202406110923571718097837912.png","width":320},{"height":300,"size":"300*300","url":"https://cache.zeasn.tv/prod/zeasn-saas-asp/asp/pic/202406110923331718097813242.png","width":300}],"id":"729403290475366376","installSize":41.21,"isAdult":0,"languages":[{"langCode":"pt","langName":"Portuguese"},{"langCode":"pt-BR","langName":"Portuguese \u0028Brazil\u0029"},{"langCode":"en","langName":"English"},{"langCode":"pt-rBR","langName":"Portuguese \u0028Brazil\u0029"},{"langCode":"tr","langName":"Turkish"}],"md5":"7526f5faf79d748cbaca5a60b7103056","name":"PBS","onlyShowOnLauncher":0,"operations":["1"],"pkg":"com.pbs.video","rating":0,"releaseTime":"1756705404967","resolutions":["0"],"resourceStatus":1,"screenshots":[{"height":720,"size":"1280*720","url":"http://cache.zeasn.tv/prod/asp/pic/_picWebp_/202509010542451756705365490.webp","width":1280},{"height":720,"size":"1280*720","url":"http://cache.zeasn.tv/prod/asp/pic/_picWebp_/202509010542521756705372125.webp","width":1280},{"height":720,"size":"1280*720","url":"http://cache.zeasn.tv/prod/asp/pic/_picWebp_/202509010542581756705378606.webp","width":1280}],"updateTime":"1756705437216","versionName":"5.20.1","versionNum":515375,"vsId":"966358952718175691"},"errorCode":0,"timestamp":1762511819191}
11-07 18:36:59.291  2961 11023 I okhttp.OkHttpClient: <-- END HTTP (2926-byte, 1412-gzipped-byte body)
11-07 18:36:59.299  2961  2961 D AppsDetailActivity: onRespDetailsData==AppDetail{id='729403290475366376', vsId='966358952718175691', name='PBS', description='Get the PBS app and stream heartwarming shows like All Creatures Great & Small and Call the Midwife, plus new documentary series like Ken Burns’ American Buffalo. The PBS app features the latest news, live TV from your local PBS station, award-winning documentaries, and iconic series. Download the PBS app and stream thousands of full-length episodes anytime, anywhere!
11-07 18:36:59.299  2961  2961 D AppsDetailActivity: 
11-07 18:36:59.299  2961  2961 D AppsDetailActivity: Streaming and watching TV is made easy with the PBS app. Watch series you love and discover brand new shows, live or on demand, with PBS’s streaming app available on your mobile phone, tablet, or Smart TV.
11-07 18:36:59.299  2961  2961 D AppsDetailActivity: 
11-07 18:36:59.299  2961  2961 D AppsDetailActivity: Unlike conventional streaming apps, PBS lets you access local TV live! Stream local content with the PBS app livestream and discover your favorite local PBS station shows.
11-07 18:36:59.299  2961  2961 D AppsDetailActivity: 
11-07 18:36:59.299  2961  2961 D AppsDetailActivity: Stay up to date with the latest news; watching shows like Frontline, PBS News Hour, and Washington Week with The Atlantic. Catch up on your favorite British dramas with Masterpiece classics including complete seasons of Sherlock, Wolf Hall, Grantchester, and Sanditon. Learn about history and science with new episodes of Finding Your Roots, Antiques Roadshow, Nature, and NOVA. Discover exciting musical performances watching Great Performances and Austin City Limits. You never have to miss a show with brand new videos and episodes added daily to the PBS app.', icons=[Image{size='320*180', width=320, height=180, url='https://cache.zeasn.tv/prod/zeasn-saas-asp/asp/pic/202406110923571718097837912.png'}, Image{size='300*300', width=300, height=300, url='https://cache.zeasn.tv/prod/zeasn-saas-asp/asp/pic/202406110923331718097813242.png'}], posters=null, screenshots=[Image{size='1280*720', width=1280, height=720, url='http://cache.zeasn.tv/prod/asp/pic/_picWebp_/202509010542451756705365490.webp'}, Image{size='1280*720', width=1280, height=720, url='http://cache.zeasn.tv/prod/asp/pic/_picWebp_/202509010542521756705372125.webp'}, Image{size='1280*720', width=1280, height=720, url='http://cache.zeasn.tv/prod/asp/pic/_picWebp_/202509010542581756705378606.webp'}], videos=null, pkg='com.pbs.video', versionNum=515375, versionName='5.20.1', categories=Category{id='900529333876556325', name='Video'}, isAdult=0, resourceStatus=1, releaseTime='1756705404967', downloads='12', downloadSize=41.21, installSize=41.21, md5='7526f5faf79d748cbaca5a60b7103056', operations=[1], rating=0, digitalSign=8b271a81fc2709631967c5fa65997452, deeplink=Deeplink{android='null'}, apkType='XAPK', adultLock='false'}
11-07 18:36:59.299  2961  2961 D AppsDetailActivity: onRespDetailsData: getIsAdult= 0 pageFrom= null
11-07 18:36:59.300  2961  2961 D SystemLockClient: isSystemLocked:false
11-07 18:36:59.304  2582  2623 D DialMonitorService: processName:com.netflix.ninja,importance:300
11-07 18:36:59.332  2506  4590 D RemoteService: Service not connected, waiting to retry
11-07 18:36:59.334  2961  2961 E AppDetailBoner: observeForever: com.zeasn.whaleos.appstore.download.AppDetailBoner$AppDownloadListener$5@f75e7b0
11-07 18:36:59.338  2961  2961 D RequestWhaleTVApi: DigitalSignUtil.getSignature: 
11-07 18:36:59.338  2961  2961 D RequestWhaleTVApi: downloadUrl=https://saas.zeasn.tv/sp/api/device/v1/app/download?token=123bebd75195d640da9b6ef190eacfc428.7.wtv10..98c9be3832c8&vsId=966358952718175691
11-07 18:36:59.338  2961  2961 E AppDetailBoner: InfoHolder init =====
11-07 18:36:59.339  2961  2961 W System.err: android.content.pm.PackageManager$NameNotFoundException: com.pbs.video
11-07 18:36:59.340  2961  2961 W System.err: 	at android.app.ApplicationPackageManager.getPackageInfoAsUser(ApplicationPackageManager.java:256)
11-07 18:36:59.340  2961  2961 W System.err: 	at android.app.ApplicationPackageManager.getPackageInfo(ApplicationPackageManager.java:216)
11-07 18:36:59.340  2961  2961 W System.err: 	at android.app.ApplicationPackageManager.getPackageInfo(ApplicationPackageManager.java:210)
11-07 18:36:59.340  2961  2961 W System.err: 	at com.zeasn.live_data.LocalAppDataProvider.getPackageInfo(LocalAppDataProvider.java:681)
11-07 18:36:59.340  2961  2961 W System.err: 	at com.zeasn.whaleos.appstore.download.AppDetailBoner$AppDownloadListener.getPackageInfo(AppDetailBoner.java:1300)
11-07 18:36:59.340  2961  2961 W System.err: 	at com.zeasn.whaleos.appstore.download.AppDetailBoner$AppDownloadListener.initBindViews(AppDetailBoner.java:1035)
11-07 18:36:59.340  2961  2961 W System.err: 	at com.zeasn.whaleos.appstore.download.AppDetailBoner.initBindViews(AppDetailBoner.java:381)
11-07 18:36:59.340  2961  2961 W System.err: 	at com.zeasn.whaleos.appstore.activity.AppsDetailActivity.onRespDetailsData(AppsDetailActivity.java:455)
11-07 18:36:59.340  2961  2961 W System.err: 	at com.zeasn.whaleos.appstore.activity.BaseDetailActivity$1.onRespData(BaseDetailActivity.java:156)
11-07 18:36:59.340  2961  2961 W System.err: 	at com.zeasn.whaleos.appstore.activity.BaseDetailActivity$1.onRespData(BaseDetailActivity.java:153)
11-07 18:36:59.340  2961  2961 W System.err: 	at com.zeasn.live_data.LiveRequest.lambda$observe$0$LiveRequest(LiveRequest.java:25)
11-07 18:36:59.340  2961  2961 W System.err: 	at com.zeasn.live_data.-$$Lambda$LiveRequest$W7PEgc7Ncx-jb2uDi9EaguRrQ70.onChanged(Unknown Source:2)
11-07 18:36:59.340  2961  2961 W System.err: 	at androidx.lifecycle.LiveData.considerNotify(LiveData.java:133)
11-07 18:36:59.340  2961  2961 W System.err: 	at androidx.lifecycle.LiveData.dispatchingValue(LiveData.java:151)
11-07 18:36:59.340  2961  2961 W System.err: 	at androidx.lifecycle.LiveData.setValue(LiveData.java:309)
11-07 18:36:59.340  2961  2961 W System.err: 	at androidx.lifecycle.MutableLiveData.setValue(MutableLiveData.java:50)
11-07 18:36:59.340  2961  2961 W System.err: 	at androidx.lifecycle.LiveData$1.run(LiveData.java:93)
11-07 18:36:59.340  2961  2961 W System.err: 	at android.os.Handler.handleCallback(Handler.java:958)
11-07 18:36:59.340  2961  2961 W System.err: 	at android.os.Handler.dispatchMessage(Handler.java:99)
11-07 18:36:59.340  2961  2961 W System.err: 	at android.os.Looper.loopOnce(Looper.java:205)
11-07 18:36:59.340  2961  2961 W System.err: 	at android.os.Looper.loop(Looper.java:294)
11-07 18:36:59.340  2961  2961 W System.err: 	at android.app.ActivityThread.main(ActivityThread.java:8255)
11-07 18:36:59.341  2961  2961 W System.err: 	at java.lang.reflect.Method.invoke(Native Method)
11-07 18:36:59.341  2961  2961 W System.err: 	at com.android.internal.os.RuntimeInit$MethodAndArgsCaller.run(RuntimeInit.java:552)
11-07 18:36:59.341  2961  2961 W System.err: 	at com.android.internal.os.ZygoteInit.main(ZygoteInit.java:978)
11-07 18:36:59.341  2961  2961 E AppDetailBoner: initBindViews infoHolder state= 0
11-07 18:36:59.341  2961  2961 E AppDetailBoner: downloadInfo state==None
11-07 18:36:59.342  2961  2961 W ContextImpl: Calling a method in the system process without a qualified user: android.app.ContextImpl.sendBroadcast:1220 android.content.ContextWrapper.sendBroadcast:504 android.content.ContextWrapper.sendBroadcast:504 com.zeasn.whaleos.widget.util.TextToSpeechUtil.sendTTS:24 com.zeasn.whaleos.m_common.tts.TTSUtil.sendTTS:16 
11-07 18:36:59.344   857  2670 E ActivityManager: Sending non-protected broadcast action.com.zeasn.whaleos.settings.tts from system 2961:com.whaletv.launcher/1000 pkg com.whaletv.launcher
11-07 18:36:59.344   857  2670 E ActivityManager: java.lang.Throwable
11-07 18:36:59.344   857  2670 E ActivityManager: 	at com.android.server.am.ActivityManagerService.checkBroadcastFromSystem(ActivityManagerService.java:14662)
11-07 18:36:59.344   857  2670 E ActivityManager: 	at com.android.server.am.ActivityManagerService.broadcastIntentLockedTraced(ActivityManagerService.java:15487)
11-07 18:36:59.344   857  2670 E ActivityManager: 	at com.android.server.am.ActivityManagerService.broadcastIntentLocked(ActivityManagerService.java:14726)
11-07 18:36:59.344   857  2670 E ActivityManager: 	at com.android.server.am.ActivityManagerService.broadcastIntentWithFeature(ActivityManagerService.java:15692)
11-07 18:36:59.344   857  2670 E ActivityManager: 	at android.app.IActivityManager$Stub.onTransact(IActivityManager.java:2683)
11-07 18:36:59.344   857  2670 E ActivityManager: 	at com.android.server.am.ActivityManagerService.onTransact(ActivityManagerService.java:2804)
11-07 18:36:59.344   857  2670 E ActivityManager: 	at android.os.Binder.execTransactInternal(Binder.java:1363)
11-07 18:36:59.344   857  2670 E ActivityManager: 	at android.os.Binder.execTransact(Binder.java:1304)
11-07 18:36:59.345  2961  2961 D View    : setVoiceDescription:The Install button on the App Details page is used to trigger the app version Install.
11-07 18:36:59.345  2961  2961 E Zeasn   : AppsDetailActivity==NONE
11-07 18:36:59.349  2961  2961 I DetailScreenShotViewBuilder: createViewFindFragmentByTag: null Fragment
11-07 18:36:59.350  1151  1193 V WindowManagerShell: Transition animation finished (aborted=false), notifying core (#152)android.os.BinderProxy@acf2054@0
11-07 18:36:59.355  2961  2961 I DetailScreenShotViewBuilder: createViewFindFragmentByTag: null Fragment
11-07 18:36:59.355  1151  1193 V WindowManagerShell: Track 0 became idle
11-07 18:36:59.356  1151  1193 V WindowManagerShell: All active transition animations finished
11-07 18:36:59.357   857   887 V WindowManager: Finish Transition #152: created at 11-07 05:36:58.777 collect-started=0.126ms request-sent=11.16ms started=15.335ms ready=28.742ms sent=150.342ms finished=573.958ms
11-07 18:36:59.358  2961  2961 I DetailScreenShotViewBuilder: createViewFindFragmentByTag: null Fragment
11-07 18:36:59.375  2961  2961 D View    : setVoiceDescription:The Back button on the App Details page takes the user back to the previous screen/view.
11-07 18:36:59.375  2961  2961 D View    : setVoiceTag:tv_apps_dialog_des_back
11-07 18:36:59.381  2961  2961 E com.zeasn.whaleos.appstore.viewbuilder.AppDescDialogBuilder: AppDescDialogBuilder==setText
11-07 18:36:59.397  2172  2172 D InputModeSwitcher: is english -------- two --
11-07 18:36:59.397  2172  2172 D InputModeSwitcher: saveInputMode --- 33554432
11-07 18:36:59.408  2961  2961 I TrackerTimeHandler: stopCounting: 
11-07 18:36:59.408  2961  2961 I TrackerTimeHandler: recordDuration: 
11-07 18:36:59.409  2961  2961 I WhaleEventTracker: onEvent: action: 110010003 source: search target: null param: 1762511767102 result: 52290
11-07 18:36:59.409  2961  2961 I initTrack: initTrack: onConsumerEvent action -> 110010003
11-07 18:36:59.425  2961  3031 I zeasn_db: Storage Success; _id = 6EventBean{ data = 2025-11-07T10:36:59.409,GMT-5:00,,,,990720456112211278,98:C9:BE:38:32:C8,d62903433941333931118f29f9e1cb00,US,en,WHALEOS_SDMC_AMLS905Y5_4KSTB_MTP_P1,7,S905Y5_Brand_0001,10409c21808d834ed5bc58fbcd0b1fee82,wtv10,WHALEOSZEASNS905Y54KSTBMTP0001,WHALEOS_ZEASN_AMLS905Y5_4KSTB_MTP_00000002,WhaleLauncher,2.0.2.32-ZSNMaster-prod,1.2.00,1920*1080*240,9,WhaleOS_10,110010003,search,,1762511767102,52290,,,,,,,,,98:C9:BE:38:32:C8||172.16.52.180||Ethernet,, event_id=110010003, _id=0, busiType=WHALEOS_AML_CLIENT_LOG}
11-07 18:36:59.497  2961  2961 I MicroBaseActivityLifeCycleCallback: ActivityLifecycle > onActivityStopped HomeSearchActivity
11-07 18:36:59.503  2961  2961 D WhaleHGridView: not should FixFocusToSecondLast=com.zeasn.whaleos.widget.WhaleHGridView{50fef03 VFED..... ........ 66,41-1918,1121 #7f0b0091 app:id/apps_list_screen_shot}
11-07 18:36:59.520  2961  2961 E GlideLoadedClear=: source==DATA_DISK_CACHE
11-07 18:36:59.557     0     0 E [0 T290   dh] [debug]: IRQRatio___ERR.irq:64/WIFI_INT action=hal_irq_top.cfi_jt [w1u] ratio:1
11-07 18:36:59.558     0     0 E [0 T290   dh] [debug]: period_time:1000ms isr_sum_time:10ms, cnt:27412, last_exec_time:0us
11-07 18:36:59.541  2961  2961 E GlideLoadedClear=: source==DATA_DISK_CACHE
11-07 18:36:59.586  2961  2961 E GlideLoadedClear=: source==DATA_DISK_CACHE
11-07 18:36:59.614  1368  1368 I NetflixService: fg: false  mIsNetflixFg: false
11-07 18:36:59.618  2961  2969 I haletv.launcher: NativeAlloc concurrent copying GC freed 21782(1350KB) AllocSpace objects, 10(776KB) LOS objects, 17% free, 18MB/22MB, paused 358us,174us total 235.653ms
11-07 18:36:59.647  2186  2274 D whaleservice:   isSelfTV:false
11-07 18:36:59.649  2186  2274 D whaleservice:  system prop changed  OTAProp:0 factoryM_F =0 wholeOldTest =0 factoryM_K =0factoryM_C = 0
11-07 18:36:59.649  2186  2274 D whaleservice:  oldTest = 0 isFactrogGuest =false
