11-07 18:37:02.209  1151  1193 V WindowManagerShell: loadAnimation: anim=android.view.animation.AlphaAnimation@d1895ab animAttr=0xa type=CLOSE isEntrance=true
11-07 18:37:02.212   857  1020 D PowerManagerService: releaseWakeLockInternal: lock=203440193 [*launch*], flags=0x0
11-07 18:37:02.212   857  1020 D PowerManagerService: updateWakeLockSummaryLocked: mWakefulness=Awake, mWakeLockSummary=0x1
11-07 18:37:02.212   857  1020 D PowerManagerService: updateUserActivitySummaryLocked: groupId=0, mWakefulness=Awake, mUserActivitySummary=0x1, nextTimeout=9198517 (in 892816 ms)
11-07 18:37:02.213   857  1020 D PowerManagerService: updateDisplayPowerStateLocked: displayReady=true, groupId=0, policy=BRIGHT, mWakefulness=Awake, mWakeLockSummary=0x1, mUserActivitySummary=0x1, mBootCompleted=true, screenBrightnessOverride=NaN, mScreenBrightnessBoostInProgress=false, sQuiescent=false
11-07 18:37:02.213   857   914 I PowerManagerService: pmsarc mScreenOffTimeoutSetting =900000
11-07 18:37:02.213  1151  1193 V WindowManagerShell:  animated by com.android.wm.shell.transition.DefaultTransitionHandler@e63430f
11-07 18:37:02.221  2961 11020 D MemoryUtils: getAvailableStorageInternal:  available -> 3783452 , blockSize -> 1024 <-> 3.61 GB
11-07 18:37:02.227   857  2670 I ImeTracker: com.whaletv.launcher:9022d601: onRequestHide at ORIGIN_SERVER_HIDE_INPUT reason HIDE_UNSPECIFIED_WINDOW
11-07 18:37:02.227   857  2670 I ImeTracker: com.whaletv.launcher:9022d601: onCancelled at PHASE_SERVER_SHOULD_HIDE
11-07 18:37:02.229  2172  2172 D InputModeSwitcher: is english -------- two --
11-07 18:37:02.229  2172  2172 D InputModeSwitcher: saveInputMode --- 33554432
11-07 18:37:02.264   857  7614 E JobScheduler.JobStatus: App com.whaletv.launcher became active but still in NEVER bucket
11-07 18:37:02.273   513   559 D hdmicecd: [CEC]:printCecMessage, [4 -> f] len: 3, body: 82 30 00, result:success
11-07 18:37:02.273   513   559 E IPCThreadState: binder thread pool (1 threads) starved for 127 ms
11-07 18:37:02.273   857  1111 D HDMI    : [S]:<Menu Status> 40:8E:00
11-07 18:37:02.317  2582  2623 D DialMonitorService: processName:com.netflix.ninja,importance:300
11-07 18:37:02.328   513   559 D hdmicecd: [CEC]:printCecMessage, [4 -> 0] len: 2, body: 8e 00, result:no ack
11-07 18:37:02.333  2506  4590 D RemoteService: Service not connected, waiting to retry
11-07 18:37:02.384   513   559 D hdmicecd: [CEC]:printCecMessage, [4 -> 0] len: 2, body: 8e 00, result:no ack
11-07 18:37:02.386   857  1111 E HDMI    : [1]:Failed to send <Menu Status> 40:8E:00 with errorCode=1
11-07 18:37:02.387   857  1111 D HDMI    : [S]:<System Audio Mode Request> 45:70:30:00
11-07 18:37:02.398   857  2670 E JobScheduler.JobStatus: App com.whaletv.launcher became active but still in NEVER bucket
11-07 18:37:02.444   513   559 D hdmicecd: [CEC]:printCecMessage, [4 -> 5] len: 3, body: 70 30 00, result:no ack
11-07 18:37:02.445   857   857 D ResendCecCommandAction: sendCommandWithoutRetries failed, retry
11-07 18:37:02.500   513   559 D hdmicecd: [CEC]:printCecMessage, [4 -> 5] len: 3, body: 70 30 00, result:no ack
11-07 18:37:02.500   857  1111 E HDMI    : [1]:Failed to send <System Audio Mode Request> 45:70:30:00 with errorCode=1
11-07 18:37:02.501   857  1111 D HDMI    : [S]:<Give Device Power Status> 40:8F
11-07 18:37:02.522  2186  2186 D whaleservice: intent action =com.zeasn.action.KEY_RESET_ENERGY
11-07 18:37:02.522  2186  2186 D whaleservice:  action change =com.zeasn.action.KEY_RESET_ENERGY
11-07 18:37:02.523  2186  2186 D whaleservice: Reset 
11-07 18:37:02.523  2186  2186 D whaleservice: intent printFlagSleep =false
11-07 18:37:02.525  2186  2186 D whaleservice: resetExecutorService i = 0 timerTime =14400
11-07 18:37:02.556   513   559 D hdmicecd: [CEC]:printCecMessage, [4 -> 0] len: 1, body: 8f, result:no ack
11-07 18:37:02.612   513   559 D hdmicecd: [CEC]:printCecMessage, [4 -> 0] len: 1, body: 8f, result:no ack
11-07 18:37:02.613   857  1111 E HDMI    : [11]:Failed to send <Give Device Power Status> 40:8F with errorCode=1
11-07 18:37:02.613   857  1111 D HDMI    : [S]:<Text View On> 40:0D
11-07 18:37:02.634  1151  1193 V WindowManagerShell: Transition animation finished (aborted=false), notifying core (#153)android.os.BinderProxy@44ba497@0
11-07 18:37:02.639   857   887 V WindowManager: Finish Transition #153: created at 11-07 05:37:02.031 collect-started=0.082ms request-sent=0.178ms started=12.926ms ready=31.839ms sent=172.356ms finished=607.63ms
11-07 18:37:02.644  1151  1193 V WindowManagerShell: Track 0 became idle
11-07 18:37:02.644  1151  1193 V WindowManagerShell: All active transition animations finished
11-07 18:37:02.647  2186  2274 D whaleservice:   isSelfTV:false
11-07 18:37:02.649  2186  2274 D whaleservice:  system prop changed  OTAProp:0 factoryM_F =0 wholeOldTest =0 factoryM_K =0factoryM_C = 0
11-07 18:37:02.649  2186  2274 D whaleservice:  oldTest = 0 isFactrogGuest =false
11-07 18:37:02.649  2186  2274 D whaleservice:   searchTV = 0 standby =0 liveTVSearchState =false
11-07 18:37:02.649  2186  2274 D whaleservice:   toptFactoryAT = 0 zeasnEwsSate = 0
11-07 18:37:02.649  2186  2274 D whaleservice:  factoryODM_C = 0
11-07 18:37:02.649  2186  2274 D whaleservice:   OTAProp:0 do nothing
11-07 18:37:02.649  2186  2274 D whaleservice: Timer start result =0
11-07 18:37:02.649  2186  2274 D whaleservice: Timer start Count =1
11-07 18:37:02.649  2186  2274 D whaleservice: quickSleepTime = 0 quickSignalTime = 0
11-07 18:37:02.649  2186  2274 D whaleservice: subSuspendTime  timerTime = 14400 signalTimerTime =900
11-07 18:37:02.649  2186  2274 D whaleservice: Time left  timerTimeRemain = 14399
11-07 18:37:02.660  2961  2961 I MicroBaseActivityLifeCycleCallback: ActivityLifecycle > onActivityStopped AppsDetailActivity
11-07 18:37:02.664  2961  2961 D SystemUnlockObserver:  unregisterContentObserver
11-07 18:37:02.664  2961  2961 I [LiveEventBus]: observer removed: com.jeremyliao.liveeventbus.core.LiveEventBusCore$ObserverWrapper@2a0dbbb
11-07 18:37:02.664  2961  2961 E AppDetailBoner: LeakCanary bindViews onActivityDestroyed a 
11-07 18:37:02.664  2961  2961 E AppDetailBoner: removeObserver silentUnInstallObserver: com.zea