11-07 18:36:05.047   857   949 D PowerManagerService: acquireWakeLockInternal: lock=155491258, flags=0x1, tag="*job*/com.rlaxxtv.tvapp.atv/com.google.android.gms.measurement.AppMeasurementJobService#-847903002", ws=WorkSource{10083 com.rlaxxtv.tvapp.atv}, uid=1000, pid=857
11-07 18:36:05.047   857   949 D PowerManagerService: updateWakeLockSummaryLocked: mWakefulness=Awake, mWakeLockSummary=0x1
11-07 18:36:05.047   857   949 D PowerManagerService: updateUserActivitySummaryLocked: groupId=0, mWakefulness=Awake, mUserActivitySummary=0x1, nextTimeout=9141375 (in 892839 ms)
11-07 18:36:05.048   857   949 D PowerManagerService: updateDisplayPowerStateLocked: displayReady=true, groupId=0, policy=BRIGHT, mWakefulness=Awake, mWakeLockSummary=0x1, mUserActivitySummary=0x1, mBootCompleted=true, screenBrightnessOverride=NaN, mScreenBrightnessBoostInProgress=false, sQuiescent=false
11-07 18:36:05.048   857   914 I PowerManagerService: pmsarc mScreenOffTimeoutSetting =900000
11-07 18:36:05.050   857   949 D ActivityManager: startProcessLocked processName:com.rlaxxtv.tvapp.atv
11-07 18:36:05.051   857   949 D ActivityManager: startProcessLocked ProcessRecord.app.processName:com.rlaxxtv.tvapp.atv
11-07 18:36:05.051   857   903 E system_server: updateValue is called with a value {0, 0, 0, 0, 0, 0, 0, 0, 0, 0}, which is lower than the previous value {0, 0, 0, 0, 7, 12, 124, 45, 39, 4009}
11-07 18:36:05.051   857   949 D CompatibilityChangeReporter: Compat change id reported: 135634846; UID 10083; state: DISABLED
11-07 18:36:05.052   857   949 D CompatibilityChangeReporter: Compat change id reported: 177438394; UID 10083; state: DISABLED
11-07 18:36:05.052   857   949 D CompatibilityChangeReporter: Compat change id reported: 135772972; UID 10083; state: DISABLED
11-07 18:36:05.052   857   949 D CompatibilityChangeReporter: Compat change id reported: 135754954; UID 10083; state: ENABLED
11-07 18:36:05.053   857   898 D CompatibilityChangeReporter: Compat change id reported: 143937733; UID 10083; state: ENABLED
11-07 18:36:05.054   857   949 D PowerManagerService: releaseWakeLockInternal: lock=7658460 [*job*/com.rlaxxtv.tvapp.atv/com.google.android.gms.measurement.AppMeasurementJobService#-847903002], flags=0x0
11-07 18:36:05.055   857   949 D PowerManagerService: updateWakeLockSummaryLocked: mWakefulness=Awake, mWakeLockSummary=0x1
11-07 18:36:05.055   857   949 D PowerManagerService: updateUserActivitySummaryLocked: groupId=0, mWakefulness=Awake, mUserActivitySummary=0x1, nextTimeout=9141375 (in 892831 ms)
11-07 18:36:05.055   857   949 D PowerManagerService: updateDisplayPowerStateLocked: displayReady=true, groupId=0, policy=BRIGHT, mWakefulness=Awake, mWakeLockSummary=0x1, mUserActivitySummary=0x1, mBootCompleted=true, screenBrightnessOverride=NaN, mScreenBrightnessBoostInProgress=false, sQuiescent=false
11-07 18:36:05.055   857   914 I PowerManagerService: pmsarc mScreenOffTimeoutSetting =900000
11-07 18:36:05.056   857   881 E JobScheduler.JobStatus: App com.whaletv.launcher became active but still in NEVER bucket
11-07 18:36:05.066   494   494 D Zygote  : Forked child process 10980
11-07 18:36:05.067   857   898 I ActivityManager: Start proc 10980:com.rlaxxtv.tvapp.atv/u0a83 for service {com.rlaxxtv.tvapp.atv/com.google.android.gms.measurement.AppMeasurementJobService}
11-07 18:36:05.071  2582  2623 D DialMonitorService: processName:com.netflix.ninja,importance:300
11-07 18:36:05.087 10980 10980 I axxtv.tvapp.atv: Using CollectorTypeCC GC.
11-07 18:36:05.093 10980 10980 E axxtv.tvapp.atv: Not starting debugger since process cannot load the jdwp agent.
11-07 18:36:05.109 10980 10980 D CompatibilityChangeReporter: Compat change id reported: 171979766; UID 10083; state: ENABLED
11-07 18:36:05.109 10980 10980 D CompatibilityChangeReporter: Compat change id reported: 242716250; UID 10083; state: ENABLED
11-07 18:36:05.125 10980 10980 I axxtv.tvapp.atv: Waiting for a blocking GC AddRemoveAppImageSpace
11-07 18:36:05.129 10980 10980 D nativeloader: Configuring clns-4 for other apk /data/app/~~p1YgC4cdDf7nHOf85BBVtA==/com.rlaxxtv.tvapp.atv-Tb7QckeZLJ-E8pAHvrOtvQ==/base.apk. target_sdk_version=34, uses_libraries=, library_path=/data/app/~~p1YgC4cdDf7nHOf85BBVtA==/com.rlaxxtv.tvapp.atv-Tb7QckeZLJ-E8pAHvrOtvQ==/lib/arm, permitted_path=/data:/mnt/expand:/data/user/0/com.rlaxxtv.tvapp.atv
11-07 18:36:05.137   513   566 D hdmicecd: [CEC]:printCecMessage, [4 -> f] len: 3, body: 82 30 00, result:success
11-07 18:36:05.137   513   566 E IPCThreadState: binder thread pool (1 threads) starved for 128 ms
11-07 18:36:05.138   857  1111 D HDMI    : [S]:<Menu Status> 40:8E:00
11-07 18:36:05.143 10980 10980 V GraphicsEnvironment: Currently set values for:
11-07 18:36:05.143 10980 10980 V GraphicsEnvironment:   angle_gl_driver_selection_pkgs=[]
11-07 18:36:05.143 10980 10980 V GraphicsEnvironment:   angle_gl_driver_selection_values=[]
11-07 18:36:05.144 10980 10980 V GraphicsEnvironment: ANGLE GameManagerService for com.rlaxxtv.tvapp.atv: false
11-07 18:36:05.145 10980 10980 V GraphicsEnvironment: com.rlaxxtv.tvapp.atv is not listed in per-application setting
11-07 18:36:05.145 10980 10980 V GraphicsEnvironment: Neither updatable production driver nor prerelease driver is supported.
11-07 18:36:05.155 10980 10980 D CompatibilityChangeReporter: Compat change id reported: 183155436; UID 10083; state: ENABLED
11-07 18:36:05.160 10980 10980 I FirebaseApp: Device unlocked: initializing all Firebase APIs for app [DEFAULT]
11-07 18:36:05.165 10980 10980 I FirebaseInitProvider: FirebaseApp initialization successful
11-07 18:36:05.168 10980 10998 W GooglePlayServicesUtil: com.rlaxxtv.tvapp.atv requires the Google Play Store, but it is missing.
11-07 18:36:05.168 10980 10998 E DynamiteModule: Invalid GmsCore APK, remote loading disabled.
11-07 18:36:05.169 10980 10998 I DynamiteModule: Considering local module com.google.android.gms.measurement.dynamite:92 and remote module com.google.android.gms.measurement.dynamite:0
11-07 18:36:05.169 10980 10998 I DynamiteModule: Selected local version of com.google.android.gms.measurement.dynamite
11-07 18:36:05.170 10980 10998 E DynamiteModule: Invalid GmsCore APK, remote loading disabled.
11-07 18:36:05.189 10980 11001 I FA      : App measurement initialized, version: 79000
11-07 18:36:05.189 10980 11001 I FA      : To enable debug logging run: adb shell setprop log.tag.FA VERBOSE
11-07 18:36:05.189 10980 11001 I FA      : To enable faster debug mode event logging run:
11-07 18:36:05.189 10980 11001 I FA      :   adb shell setprop debug.firebase.analytics.app com.rlaxxtv.tvapp.atv
11-07 18:36:05.192   513   566 D hdmicecd: [CEC]:printCecMessage, [4 -> 0] len: 2, body: 8e 00, result:no ack
11-07 18:36:05.243 10980 11001 W GooglePlayServicesUtil: com.rlaxxtv.tvapp.atv requires the Google Play Store, but it is missing.
11-07 18:36:05.243 10980 11001 W FA      : Service invalid
11-07 18:36:05.248   513   566 D hdmicecd: [CEC]:printCecMessage, [4 -> 0] len: 2, body: 8e 00, result:no ack
11-07 18:36:05.248   857  1111 E HDMI    : [1]:Failed to send <Menu Status> 40:8E:00 with errorCode=1
11-07 18:36:05.248   857  1111 D HDMI    : [S]:<System Audio Mode Request> 45:70:30:00
11-07 18:36:05.264 10980 11001 D CompatibilityChangeReporter: Compat change id reported: 160794467; UID 10083; state: ENABLED
11-07 18:36:05.267   857  1828 D PowerManagerService: releaseWakeLockInternal: lock=155491258 [*job*/com.rlaxxtv.tvapp.atv/com.google.android.gms.measurement.AppMeasurementJobService#-847903002], flags=0x0
11-07 18:36:05.268   857  1828 D PowerManagerService: updateWakeLockSummaryLocked: mWakefulness=Awake, mWakeLockSummary=0x1
11-07 18:36:05.268   857  1828 D PowerManagerService: updateUserActivitySummaryLocked: groupId=0, mWakefulness=Awake, mUserActivitySummary=0x1, nextTimeout=9141375 (in 892618 ms)
11-07 18:36:05.268   857  1828 D PowerManagerService: updateDisplayPowerStateLocked: displayReady=true, groupId=0, policy=BRIGHT, mWakefulness=Awake, mWakeLockSummary=0x1, mUserActivitySummary=0x1, mBootCompleted=true, screenBrightnessOverride=NaN, mScreenBrightnessBoostInProgress=false, sQuiescent=false
11-07 18:36:05.268   857   914 I PowerManagerService: pmsarc mScreenOffTimeoutSetting =900000
11-07 18:36:05.271   857  1828 W JobScheduler: Job didn't exist in JobStore: 268770b #u0a83/-847903002 com.rlaxxtv.tvapp.atv/com.google.android.gms.measurement.AppMeasurementJobService
11-07 18:36:05.298  2506  4590 D RemoteService: Service not connected, waiting to retry
11-07 18:36:05.299 10980 11001 D CompatibilityChangeReporter: Compat change id reported: 194532703; UID 10083; state: ENABLED
11-07 18:36:05.300 10980 11001 D CompatibilityChangeReporter: Compat change id reported: 253665015; UID 10083; state: ENABLED
11-07 18:36:05.304   513   566 D hdmicecd: [CEC]:printCecMessage, [4 -> 5] len: 3, body: 70 30 00, result:no ack
11-07 18:36:05.309   857   857 D ResendCecCommandAction: sendCommandWithoutRetries failed, retry
11-07 18:36:05.360   513   566 D hdmicecd: [CEC]:printCecMessage, [4 -> 5] len: 3, body: 70 30 00, result:no ack
11-07 18:36:05.360   857  1111 E HDMI    : [1]:Failed to send <System Audio Mode Request> 45:70:30:00 with errorCode=1
11-07 18:36:05.361   857  1111 D HDMI    : [S]:<Give Device Power Status> 40:8F
11-07 18:36:05.382  2186  2186 D whaleservice: intent action =com.zeasn.action.KEY_RESET_ENERGY
11-07 18:36:05.382  2186  2186 D whaleservice:  action change =com.zeasn.action.KEY_RESET_ENERGY
11-07 18:36:05.382  2186  2186 D whaleservice: Reset 
11-07 18:36:05.382  2186  2186 D whaleservice: intent printFlagSleep =false
11-07 18:36:05.384  2186  2186 D whaleservice: resetExecutorService i = 0 timerTime =14400
11-07 18:36:05.416   513   566 D hdmicecd: [CEC]:printCecMessage, [4 -> 0] len: 1, body: 8f, result:no ack
11-07 18:36:05.476   513   513 D hdmicecd: [CEC]:printCecMessage, [4 -> 0] len: 1, body: 8f, result:no ack
11-07 18:36:05.476   513   513 E IPCThreadState: binder thread pool (1 threads) starved for 115 ms
11-07 18:36:05.476   857  1111 E HDMI    : [11]:Failed to send <Give Device Power Status> 40:8F with errorCode=1
11-07 18:36:05.477   857  1111 D HDMI    : [S]:<Text View On> 40:0D
11-07 18:36:05.532   513   513 D hdmicecd: [CEC]:printCecMessage, [4 -> 0] len: 1, body: 0d, result:no ack
11-07 18:36:05.592   513   513 D hdmicecd: [CEC]:printCecMessage, [4 -> 0] len: 1, body: 0d, result:no ack
11-07 18:36:05.604   493 11007 I resolv  : GetAddrInfoHandler::run: {100 100 100 983140 10083 0}
11-07 18:36:05.606   493 11008 I resolv  : res_nmkquery: (QUERY, IN, A)
11-07 18:36:05.623   493 11008 I resolv  : res_nsend: used send_dg 53 terrno: 0
11-07 18:36:05.624   493 11008 I resolv  : doQuery: rcode=0, ancount=1, return value=53
11-07 18:36:05.626 10980 11001 W FA      : Callable skipped the worker queue.
11-07 18:36:05.626 10980 11006 D TrafficStats: tagSocket(68) with statsTag=0xffffffff, statsUid=-1
11-07 18:36:05.647  2186  2274 D whaleservice:   isSelfTV:false
11-07 18:36:05.648  2186  2274 D whaleservice:  system prop changed  OTAProp:0 factoryM_F =0 wholeOldTest =0 factoryM_K =0factoryM_C = 0
11-07 18:36:05.648  2186  2274 D whaleservice:  oldTest = 0 isFactrogGuest =false
11-07 18:36:05.648  2186  2274 D whaleservice:   searchTV = 0 standby =0 liveTVSearchState =false
11-07 18:36:05.648  2186  2274 D whaleservice:   toptFactoryAT = 0 zeasnEwsSate = 0
11-07 18:36:05.648  2186  2274 D whaleservice:  factoryODM_C = 0
11-07 18:36:05.648  2186  2274 D whaleservice:   OTAProp:0 do nothing
11-07 18:36:05.648  2186  2274 D whaleservice: Timer start result =0
11-07 18:36:05.648  2186  2274 D whaleservice: Timer start Count =1
11-07 18:36:05.648  2186  2274 D whaleservice: quickSleepTime = 0 quickSignalTime = 0
11-07 18:36:05.648  2186  2274 D whaleservice: subSuspendTime  timerTime = 14400 signalTimerTime =900
11-07 18:36:05.649  2186  2274 D whaleservice: Time left  timerTimeRemain = 14399
11-07 18:36:05.723  1354 10964 I zeasn_HttpRequest: code:200
11-07 18:36:05.723  1354 10964 I zeasn_HttpRequest: result:{"timestamp":1762511765637,"errorCode":0}
11-07 18:36:05.723  1354 10964 I zeasn_HttpRequest: 
11-07 18:36:05.723  1354 10964 I zeasn_HttpRequest: location:null
11-07 18:36:05.723  1354 10964 I zeasn_HttpRequest: errorMsg:null
11-07 18:36:05.723  1354 10964 I zeasn_HttpRequest: exception:
11-07 18:36:05.787  1354 10966 I zeasn_HttpRequest: code:200
11-07 18:36:05.787  1354 10966 I zeasn_HttpRequest: result:{"errorCode":0,"timestamp":1762511765682}
11-07 18:36:05.787  1354 10966 I zeasn_HttpRequest: 
11-07 18:36:05.787  1354 10966 I zeasn_HttpRequest: location:null
11-07 18:36:05.787  1354 10966 I zeasn_HttpRequest: errorMsg:null
11-07 18:36:05.787  1354 10966 I zeasn_HttpRequest: exception:
11-07 18:36:05.798  2506  4590 D RemoteService: Service not connected, waiting to retry
11-07 18:36:05.802   857   980 D PowerManagerService: acquireWakeLockInternal: lock=63232831, flags=0x1, tag="*alarm*", ws=WorkSource{1000}, uid=1000, pid=857
11-07 18:36:05.802   857   980 D PowerManagerService: updateWakeLockSummaryLocked: mWakefulness=Awake, mWakeLockSummary=0x1
11-07 18:36:05.802   857   980 D PowerManagerService: updateUserActivitySummaryLocked: groupId=0, mWakefulness=Awake, mUserActivitySummary=0x1, nextTimeout=9141375 (in 892084 ms)
11-07 18:36:05.803   857   980 D PowerManagerService: updateDisplayPowerStateLocked: displayReady=true, groupId=0, policy=BRIGHT, mWakefulness=Awake, mWakeLockSummary=0x1, mUserActivitySummary=0x1, mBootCompleted=true, screenBrightnessOverride=NaN, mScreenBrightnessBoostInProgress=false, sQuiescent=false
11-07 18:36:05.803   857   914 I PowerManagerService: pmsarc mScreenOffTimeoutSetting =900000
11-07 18:36:05.804   857  1035 D PowerManagerService: acquireWakeLockInternal: lock=69223602, flags=0x1, tag="NetworkStats", ws=null, uid=1000, pid=857
11-07 18:36:05.804   857  1035 D PowerManagerService: updateWakeLockSummaryLocked: mWakefulness=Awake, mWakeLockSummary=0x1
11-07 18:36:05.804   857  1035 D PowerManagerService: updateUserActivitySummaryLocked: groupId=0, mWakefulness=Awake, mUserActivitySummary=0x1, nextTimeout=9141375 (in 892082 ms)
11-07 18:36:05.804   857  1035 D PowerManagerService: updateDisplayPowerStateLocked: displayReady=true, groupId=0, policy=BRIGHT, mWakefulness=Awake, mWakeLockSummary=0x1, mUserActivitySummary=0x1, mBootCompleted=true, screenBrightnessOverride=NaN, mScreenBrightnessBoostInProgress=false, sQuiescent=false
11-07 18:36:05.805   857   914 I PowerManagerService: pmsarc mScreenOffTimeoutSetting =900000
11-07 18:36:05.820   493  5693 I netd    : setProcSysNet(4, 2, eth0, retrans_time_ms, 1000) <0.23ms>
11-07 18:36:05.820   493  4691 I netd    : setProcSysNet(4, 2, eth0, ucast_solicit, 15) <0.17ms>
11-07 18:36:05.822   493  5693 I netd    : setProcSysNet(6, 2, eth0, retrans_time_ms, 1000) <0.18ms>
11-07 18:36:05.822   493  4691 I netd    : setProcSysNet(6, 2, eth0, ucast_solicit, 15) <0.44ms>
11-07 18:36:05.829   493  4691 I netd    : tetherGetStats() -> {[]} <1.54ms>
11-07 18:36:05.842   857  1035 D PowerManagerService: releaseWakeLockInternal: lock=69223602 [NetworkStats], flags=0x0
11-07 18:36:05.843   857  1035 D PowerManagerService: updateWakeLockSummaryLocked: mWakefulness=Awake, mWakeLockSummary=0x1
11-07 18:36:05.843   857  1035 D PowerManagerService: updateUserActivitySummaryLocked: groupId=0, mWakefulness=Awake, mUserActivitySummary=0x1, nextTimeout=9141375 (in 892043 ms)
11-07 18:36:05.843   857  1035 D PowerManagerService: updateDisplayPowerStateLocked: displayReady=true, groupId=0, policy=BRIGHT, mWakefulness=Awake, mWakeLockSummary=0x1, mUserActivitySummary=0x1, mBootCompleted=true, screenBrightnessOverride=NaN, mScreenBrightnessBoostInProgress=false, sQuiescent=false
11-07 18:36:05.843   857   914 I PowerManagerService: pmsarc mScreenOffTimeoutSetting =900000
11-07 18:36:05.844   493  4691 I netd    : bandwidthSetGlobalAlert(2097152) <0.33ms>
11-07 18:36:05.846   857   857 D PowerManagerService: releaseWakeLockInternal: lock=63232831 [*alarm*], flags=0x0
11-07 18:36:05.847   857   857 D PowerManagerService: updateWakeLockSummaryLocked: mWakefulness=Awake, mWakeLockSummary=0x1
11-07 18:36:05.847   857   857 D PowerManagerService: updateUserActivitySummaryLocked: groupId=0, mWakefulness=Awake, mUserActivitySummary=0x1, nextTimeout=9141375 (in 892039 ms)
11-07 18:36:05.847   857   857 D PowerManagerService: updateDisplayPowerStateLocked: displayReady=true, groupId=0, policy=BRIGHT, mWakefulness=Awake, mWakeLockSummary=0x1, mUserActivitySummary=0x1, mBootCompleted=true, screenBrightnessOverride=NaN, mScreenBrightnessBoostInProgress=false, sQuiescent=false
11-07 18:36:05.847   857   914 I PowerManagerService: pmsarc mScreenOffTimeoutSetting =900000
11-07 18:36:05.893   857   857 D ResendCecCommandAction: sendCommandWithoutRetries failed, retry
11-07 18:36:05.893   857  1111 D HDMI    : [S]:<Text View On> 40:0D
11-07 18:36:05.948   513   513 D hdmicecd: [CEC]:printCecMessage, [4 -> 0] len: 1, body: 0d, result:no ack
11-07 18:36:06.004   513   513 D hdmicecd: [CEC]:printCecMessage, [4 -> 0] len: 1, body: 0d, result:no ack
11-07 18:36:06.075  2582  2623 D DialMonitorService: processName:com.netflix.ninja,importance:300
11-07 18:36:06.298  2506  4590 D RemoteService: Service not connected, waiting to retry
11-07 18:36:06.648  2186  2274 D whaleservice:   isSelfTV:false
11-07 18:36:06.648  2186  2274 D whaleservice:  system prop changed  OTAProp:0 factoryM_F =0 wholeOldTest =0 factoryM_K =0factoryM_C = 0
11-07 18:36:06.648  2186  2274 D whaleservice:  oldTest = 0 isFactrogGuest =false
11-07 18:36:06.648  2186  2274 D whaleservice:   searchTV = 0 standby =0 liveTVSearchState =false
11-07 18:36:06.648  2186  2274 D whaleservice:   toptFactoryAT = 0 zeasnEwsSate = 0
11-07 18:36:06.649  2186  2274 D whaleservice:  factoryODM_C = 0
11-07 18:36:06.649  2186  2274 D whaleservice:   OTAProp:0 do nothing
11-07 18:36:06.649  2186  2274 D whaleservice: Timer start result =0
11-07 18:36:06.649  2186  2274 D whaleservice: Timer start Count =2
11-07 18:36:06.649  2186  2274 D whaleservice: quickSleepTime = 0 quickSignalTime = 0
11-07 18:36:06.649  2186  2274 D whaleservice: subSuspendTime  timerTime = 14400 signalTimerTime =900
11-07 18:36:06.649  2186  2274 D whaleservice: Time left  timerTimeRemain = 14398
11-07 18:36:06.799  2506  4590 D RemoteService: Service not connected, waiting to retry
11-07 18:36:06.894   857   857 D HDMI    : one touch play retry:1
11-07 18:36:06.894   857  1111 D HDMI    : [S]:<Text View On> 40:0D
11-07 18:36:06.952   513   513 D hdmicecd: [CEC]:printCecMessage, [4 -> 0] len: 1, body: 0d, result:no ack
11-07 18:36:07.008   513   513 D hdmicecd: [CEC]:printCecMessage, [4 -> 0] len: 1, body: 0d, result:no ack
11-07 18:36:07.009   857   857 D ResendCecCommandAction: ResendCecCommandAction started
11-07 18:36:07.009   857  1111 D HDMI    : [S]:<Give Device Power Status> 40:8F
11-07 18:36:07.018   857   881 D ActivityTaskManager: startActivityAsUser called with:
11-07 18:36:07.018   857   881 D ActivityTaskManager: caller: null
11-07 18:36:07.019   857   881 D ActivityTaskManager: callingPackage: com.android.shell
11-07 18:36:07.019   857   881 D ActivityTaskManager: callingFeatureId: null
11-07 18:36:07.019   857   881 D ActivityTaskManager: intent: intent:#Intent;launchFlags=0x10000000;component=com.whaletv.launcher/com.zeasn.whaletv.module.home.page.HomeSearchActivity;end
11-07 18:36:07.019   857   881 D ActivityTaskManager: resolvedType: null
11-07 18:36:07.019   857   881 D ActivityTaskManager: resultTo: null
11-07 18:36:07.019   857   881 D ActivityTaskManager: resultWho: null
11-07 18:36:07.019   857   881 D ActivityTaskManager: requestCode: 0
11-07 18:36:07.020   857   881 D ActivityTaskManager: startFlags: 0x0
11-07 18:36:07.020   857   881 D ActivityTaskManager: profilerInfo: null
11-07 18:36:07.020   857   881 D ActivityTaskManager: bOptions: null
11-07 18:36:07.020   857   881 D ActivityTaskManager: userId: -2
11-07 18:36:07.020   857   881 D ActivityTaskManager: validateIncomingUser: true
11-07 18:36:07.020   857   881 D ActivityTaskManager: parentcontrol_verifyresult: null origin_callingPackage:null
11-07 18:36:07.020   857   881 D ActivityTaskManager: targetAppPackageName:com.whaletv.launcher CurrentPackageName:com.whaletv.launcher
11-07 18:36:07.020   857   881 D ActivityTaskManager: intent:intent:#Intent;launchFlags=0x10000000;component=com.whaletv.launcher/com.zeasn.whaletv.module.home.page.HomeSearchActivity;end
11-07 18:36:07.021   857   881 D ActivityTaskManager: app setActivityInfo; mActivityInfo.screenOrientation : 0
11-07 18:36:07.024   857   881 E CellBroadcastUtils: getDefaultCellBroadcastReceiverPackageName: no package found
11-07 18:36:07.030   857   881 D PowerManagerService: acquireWakeLockInternal: lock=203440193, flags=0x1, tag="*launch*", ws=WorkSource{1000}, uid=1000, pid=857
11-07 18:36:07.030   857   881 D PowerManagerService: updateWakeLockSummaryLocked: mWakefulness=Awake, mWakeLockSummary=0x1
11-07 18:36:07.030   857   881 D PowerManagerService: updateUserActivitySummaryLocked: groupId=0, mWakefulness=Awake, mUserActivitySummary=0x1, nextTimeout=9141375 (in 890856 ms)
11-07 18:36:07.030   857   881 D PowerManagerService: updateDisplayPowerStateLocked: displayReady=true, groupId=0, policy=BRIGHT, mWakefulness=Awake, mWakeLockSummary=0x1, mUserActivitySummary=0x1, mBootCompleted=true, screenBrightnessOverride=NaN, mScreenBrightnessBoostInProgress=false, sQuiescent=false
11-07 18:36:07.031   857   881 E Transition: Trying to add a ready-group twice: Display{#0 state=ON size=1920x1080 ROTATION_0}
11-07 18:36:07.032   857   881 I ActivityTaskManager: START u0 {flg=0x10000000 cmp=com.whaletv.launcher/com.zeasn.whaletv.module.home.page.HomeSearchActivity} with LAUNCH_MULTIPLE from uid 0 (BAL_ALLOW_ALLOWLISTED_UID) result code=0
11-07 18:36:07.033  1151  1193 V WindowManagerShell: Transition requested: android.os.BinderProxy@cbf2342 TransitionRequestInfo { type = 1, triggerTask = TaskInfo{userId=0 taskId=6 displayId=0 isRunning=true baseIntent=Intent { act=android.intent.action.MAIN cat=[android.intent.category.HOME] flg=0x10000100 cmp=com.whaletv.launcher/com.zeasn.whaletv.module.home.HomeActivity } baseActivity=ComponentInfo{com.whaletv.launcher/com.zeasn.whaletv.module.home.HomeActivity} topActivity=ComponentInfo{com.whaletv.launcher/com.zeasn.whaletv.module.home.page.HomeSearchActivity} origActivity=null realActivity=ComponentInfo{com.whaletv.launcher/com.zeasn.whaletv.module.home.HomeActivity} numActivities=2 lastActiveTime=8250518 supportsMultiWindow=false resizeMode=0 isResizeable=false minWidth=-1 minHeight=-1 defaultMinSize=220 token=WCT{android.window.IWindowContainerToken$Stub$Proxy@12c4f53} topActivityType=2 pictureInPictureParams=null shouldDockBigOverlays=true launchIntoPipHostTaskId=-1 lastParentTaskIdBeforePip=-1 displayCutoutSafeInsets=null topActivityInfo=ActivityInfo{d3b4090 com.zeasn.whaletv.module.home.page.HomeSearchActivity} launchCookies=[] positionInParent=Point(0, 0) parentTaskId=-1 isFocused=true isVisible=true isVisibleRequested=true isSleeping=false topActivityInSizeCompat=false topActivityEligibleForLetterboxEducation= false isLetterboxDoubleTapEnabled= false topActivityEligibleForUserAspectRatioButton= false topActivityBoundsLetterboxed= false isFromLetterboxDoubleTap= false topActivityLetterboxVerticalPosition= -1 topActivityLetterboxHorizontalPosition= -1 topActivityLetterboxWidth=-1 topActivityLetterboxHeight=-1 isUserFullscreenOverrideEnabled=false isTopActivityTransparent=false locusId=null displayAreaFeatureId=1 cameraCompatControlState=hidden}, remoteTransition = null, displayChange = null, flags = 0 }
11-07 18:36:07.034   857   914 I PowerManagerService: pmsarc mScreenOffTimeoutSetting =900000
11-07 18:36:07.034  2961  2961 I MicroBaseActivityLifeCycleCallback: ActivityLifecycle > onActivityPaused HomeActivity
11-07 18:36:07.058  2961  2961 I MicroBaseActivityLifeCycleCallback: ActivityLifecycle > onActivityCreated HomeSearchActivity,bundle=null
11-07 18:36:07.062   254   254 I BpBinder: onLastStrongRef automatically unlinking death recipients: 
11-07 18:36:07.064   513   566 D hdmicecd: [CEC]:printCecMessage, [4 -> 0] len: 1, body: 8f, result:no ack
11-07 18:36:07.065   513   566 E IPCThreadState: binder thread pool (1 threads) starved for 113 ms
11-07 18:36:07.069  2961  2961 E haletv.launcher: No package ID ff found for resource ID 0xffffffff.
11-07 18:36:07.069  2961  2961 I WhaleOsApp: What activity is created? HomeSearchActivity
11-07 18:36:07.074  2961  2961 D AutofillManager: Fill dialog is enabled:false, hints=[]
11-07 18:36:07.081  2582  2623 D DialMonitorService: processName:com.netflix.ninja,importance:300
11-07 18:36:07.089  2961  2961 D WhaleHGridView: setFocusScrollStrategy = 1
11-07 18:36:07.094  2961  2961 D WhaleHGridView: setFocusScrollStrategy = 1
11-07 18:36:07.103  2961  2961 I VoiceUtil: isBluetoothControl: WTV-AMIBA-BTRC-001
11-07 18:36:07.103  2961  2961 I PidApi  : getFwBluetoothPair: isFwBluetoothPair -> true
11-07 18:36:07.103  2961  2961 I VoiceUtil: getVoiceAssistantType: 10
11-07 18:36:07.103  2961  2961 I VoiceUtil: getVoiceAssistantType: 10
11-07 18:36:07.104  2961  2961 I VoiceUtil: getVoiceAssistantType: 10
11-07 18:36:07.104  2961  2961 I VoiceUtil: getPropHbbtv: 1
11-07 18:36:07.104  2961  2961 I VoiceUtil: getVoiceAssistantType: 10
11-07 18:36:07.104  2961  2961 D VoiceUtil: isSupportWhaleAIVoice: true
11-07 18:36:07.104  2961  2961 D VoiceUtil: isWhaleAIExists: isInstall(com.whaletv.aivoice): true isInstall(com.zeasn.asrself): false
11-07 18:36:07.105  2961  2961 D HomeSearchActivity: true,initView:isWhaleAIExists= true
11-07 18:36:07.105  2961  2961 I VoiceUtil: isBluetoothControl: WTV-AMIBA-BTRC-001
11-07 18:36:07.105  2961  2961 I PidApi  : getFwBluetoothPair: isFwBluetoothPair -> true
11-07 18:36:07.105  2961  2961 I VoiceUtil: getVoiceAssistantType: 10
11-07 18:36:07.105  2961  2961 I VoiceUtil: getVoiceAssistantType: 10
11-07 18:36:07.105  2961  2961 I VoiceUtil: getVoiceAssistantType: 10
11-07 18:36:07.105  2961  2961 I VoiceUtil: getPropHbbtv: 1
11-07 18:36:07.105  2961  2961 I VoiceUtil: getVoiceAssistantType: 10
11-07 18:36:07.105  2961  2961 D VoiceUtil: isSupportWhaleAIVoice: true
11-07 18:36:07.106  2961  2961 D VoiceUtil: isWhaleAIExists: isInstall(com.whaletv.aivoice): true isInstall(com.zeasn.asrself): false
11-07 18:36:07.108  2961  2961 I [LiveEventBus]: observe observer: com.jeremyliao.liveeventbus.core.LiveEventBusCore$ObserverWrapper@c997266(com.zeasn.whaletv.module.home.page.HomeSearchActivity$1@f14f9a7) on owner: com.zeasn.whaletv.module.home.page.HomeSearchActivity@ba52d48 with key: VOICE_INPUT_TEXT_KEY
11-07 18:36:07.109  2961  2961 D ----->  : searchHome: i= searchHome 
11-07 18:36:07.110  2961  2961 I VoiceUtil: isBluetoothControl: WTV-AMIBA-BTRC-001
11-07 18:36:07.110  2961  2961 I PidApi  : getFwBluetoothPair: isFwBluetoothPair -> true
11-07 18:36:07.110  2961  2961 I VoiceUtil: getVoiceAssistantType: 10
11-07 18:36:07.111  2961  2961 I VoiceUtil: getVoiceAssistantType: 10
11-07 18:36:07.111  2961  2961 I VoiceUtil: getVoiceAssistantType: 10
11-07 18:36:07.111  2961  2961 I VoiceUtil: getPropHbbtv: 1
11-07 18:36:07.111  2961  2961 I VoiceUtil: getVoiceAssistantType: 10
11-07 18:36:07.111  2961  2961 D VoiceUtil: isSupportWhaleAIVoice: true
11-07 18:36:07.112  2961  2961 D VoiceUtil: isWhaleAIExists: isInstall(com.whaletv.aivoice): true isInstall(com.zeasn.asrself): false
11-07 18:36:07.112  2961  2961 D HomeSearchActivity: true,initData:isWhaleAIExists= true
11-07 18:36:07.112  2961  2961 I VoiceUtil: isBluetoothControl: WTV-AMIBA-BTRC-001
11-07 18:36:07.112  2961  2961 I PidApi  : getFwBluetoothPair: isFwBluetoothPair -> true
11-07 18:36:07.112  2961  2961 I VoiceUtil: getVoiceAssistantType: 10
11-07 18:36:07.112  2961  2961 I VoiceUtil: getVoiceAssistantType: 10
11-07 18:36:07.112  2961  2961 I VoiceUtil: getVoiceAssistantType: 10
11-07 18:36:07.112  2961  2961 I VoiceUtil: getPropHbbtv: 1
11-07 18:36:07.112  2961  2961 I VoiceUtil: getVoiceAssistantType: 10
11-07 18:36:07.112  2961  2961 D VoiceUtil: isSupportWhaleAIVoice: true
11-07 18:36:07.113  2961  2961 D VoiceUtil: isWhaleAIExists: isInstall(com.whaletv.aivoice): true isInstall(com.zeasn.asrself): false
11-07 18:36:07.117  2961  2961 I MicroBaseActivityLifeCycleCallback: ActivityLifecycle > onActivityStarted HomeSearchActivity
11-07 18:36:07.118  2961  3056 D saas_api: lookupInternal...  hostname=skillstore.zeasn.tv
11-07 18:36:07.118  2961  3056 D TrafficStats: tagSocket(158) with statsTag=0xffffffff, statsUid=-1
11-07 18:36:07.118  2961  2961 I TrackerTimeHandler: onStart: 
11-07 18:36:07.119  2961  2961 I MicroBaseActivityLifeCycleCallback: ActivityLifecycle > onActivityResumed HomeSearchActivity
11-07 18:36:07.120   513   566 D hdmicecd: [CEC]:printCecMessage, [4 -> 0] len: 1, body: 8f, result:no ack
11-07 18:36:07.120  2961  3056 D TrafficStats: tagSocket(158) with statsTag=0xffffffff, statsUid=-1
11-07 18:36:07.123  2961  3056 D TrafficStats: tagSocket(158) with statsTag=0xffffffff, statsUid=-1
11-07 18:36:07.124   857   881 W WindowManager: [addWindow] title:com.whaletv.launcher/com.zeasn.whaletv.module.home.page.HomeSearchActivity
11-07 18:36:07.124   857  9590 W WindowManager: Failed looking up window session=Session{1d503e 2961:1000} callers=com.android.server.wm.WindowManagerService.windowForClientLocked:6075 com.android.server.wm.Session.updateRequestedVisibleTypes:695 android.view.IWindowSession$Stub.onTransact:1034 
11-07 18:36:07.127  2961  3056 D TrafficStats: tagSocket(158) with statsTag=0xffffffff, statsUid=-1
11-07 18:36:07.131  2961 11020 D TrafficStats: tagSocket(158) with statsTag=0xffffffff, statsUid=-1
11-07 18:36:07.134  2961  2961 E Zeasn   : binding.flTip===hasFocus==true
11-07 18:36:07.134   857  9590 D CoreBackPreview: Window{bd03a4b u0 com.whaletv.launcher/com.zeasn.whaletv.module.home.page.HomeSearchActivity}: Setting back callback OnBackInvokedCallbackInfo{mCallback=android.window.IOnBackInvokedCallback$Stub$Proxy@8cb1d41, mPriority=0, mIsAnimationCallback=false}
11-07 18:36:07.135  2961  2961 W ContextImpl: Calling a method in the system process without a qualified user: android.app.ContextImpl.sendBroadcast:1220 android.content.ContextWrapper.sendBroadcast:504 android.content.ContextWrapper.sendBroadcast:504 com.zeasn.whaleos.widget.util.TextToSpeechUtil.sendTTS:24 com.zeasn.whaleos.m_common.tts.TTSUtil.sendTTS:16 
11-07 18:36:07.136   857   881 E ActivityManager: Sending non-protected broadcast action.com.zeasn.whaleos.settings.tts from system 2961:com.whaletv.launcher/1000 pkg com.whaletv.launcher
11-07 18:36:07.136   857   881 E ActivityManager: java.lang.Throwable
11-07 18:36:07.136   857   881 E ActivityManager: 	at com.android.server.am.ActivityManagerService.checkBroadcastFromSystem(ActivityManagerService.java:14662)
11-07 18:36:07.136   857   881 E ActivityManager: 	at com.android.server.am.ActivityManagerService.broadcastIntentLockedTraced(ActivityManagerService.java:15487)
11-07 18:36:07.136   857   881 E ActivityManager: 	at com.android.server.am.ActivityManagerService.broadcastIntentLocked(ActivityManagerService.java:14726)
11-07 18:36:07.136   857   881 E ActivityManager: 	at com.android.server.am.ActivityManagerService.broadcastIntentWithFeature(ActivityManagerService.java:15692)
11-07 18:36:07.136   857   881 E ActivityManager: 	at android.app.IActivityManager$Stub.onTransact(IActivityManager.java:2683)
11-07 18:36:07.136   857   881 E ActivityManager: 	at com.android.server.am.ActivityManagerService.onTransact(ActivityManagerService.java:2804)
11-07 18:36:07.136   857   881 E ActivityManager: 	at android.os.Binder.execTransactInternal(Binder.java:1363)
11-07 18:36:07.136   857   881 E ActivityManager: 	at android.os.Binder.execTransact(Binder.java:1304)
11-07 18:36:07.144  1368  2979 I NetflixService: onTaskStackChanged
11-07 18:36:07.145  1151  1193 D WindowManagerShell: TvPipController: onTaskStackChanged()
11-07 18:36:07.149  2961  3026 E OpenGLRenderer: Unable to match the desired swap behavior.
11-07 18:36:07.170  1151  1193 V WindowManagerShell: onTransitionReady android.os.BinderProxy@cbf2342: {id=151 t=OPEN f=0x0 trk=0 r=[0@Point(0, 0)] c=[{null m=OPEN f=FILLS_TASK leash=Surface(name=ActivityRecord{5c3783c u0 com.whaletv.launcher/com.zeasn.whaletv.module.home.page.HomeSearchActivity)/@0xf468d89 sb=Rect(0, 0 - 0, 0) eb=Rect(0, 0 - 1920, 1080) d=-1->0 r=-1->0:-1},{null m=TO_BACK f=FILLS_TASK leash=Surface(name=ActivityRecord{2b60d76 u0 com.whaletv.launcher/com.zeasn.whaletv.module.home.HomeActivity)/@0x120318e sb=Rect(0, 0 - 1920, 1080) eb=Rect(0, 0 - 1920, 1080) d=0}]}
11-07 18:36:07.171   857   887 I ActivityTaskManager: Displayed com.whaletv.launcher/com.zeasn.whaletv.module.home.page.HomeSearchActivity for user 0: +144ms
11-07 18:36:07.171  1151  1193 V WindowManagerShell: Playing animation for (#151)android.os.BinderProxy@cbf2342@0
11-07 18:36:07.171  1151  1193 V WindowManagerShell:  try handler com.android.wm.shell.keyguard.KeyguardTransitionHandler@53a6eb3
11-07 18:36:07.171  1151  1193 V WindowManagerShell:  try handler com.android.wm.shell.pip.tv.TvPipTransition@90ddc70
11-07 18:36:07.171  1151  1193 V WindowManagerShell:  try handler com.android.wm.shell.activityembedding.ActivityEmbeddingController@2b12be9
11-07 18:36:07.171  1151  1193 V WindowManagerShell:  try handler com.android.wm.shell.transition.RemoteTransitionHandler@6e06e
11-07 18:36:07.171  1151  1193 V WindowManagerShell: Transition doesn't have explicit remote, search filters for match for {id=151 t=OPEN f=0x0 trk=0 r=[0@Point(0, 0)] c=[{null m=OPEN f=FILLS_TASK leash=Surface(name=ActivityRecord{5c3783c u0 com.whaletv.launcher/com.zeasn.whaletv.module.home.page.HomeSearchActivity)/@0xf468d89 sb=Rect(0, 0 - 0, 0) eb=Rect(0, 0 - 1920, 1080) d=-1->0 r=-1->0:-1},{null m=TO_BACK f=FILLS_TASK leash=Surface(name=ActivityRecord{2b60d76 u0 com.whaletv.launcher/com.zeasn.whaletv.module.home.HomeActivity)/@0x120318e sb=Rect(0, 0 - 1920, 1080) eb=Rect(0, 0 - 1920, 1080) d=0}]}
11-07 18:36:07.171   857   887 V WindowManager: Sent Transition #151 createdAt=11-07 05:36:07.023 via request=TransitionRequestInfo { type = 1, triggerTask = TaskInfo{userId=0 taskId=6 displayId=0 isRunning=true baseIntent=Intent { act=android.intent.action.MAIN cat=[android.intent.category.HOME] flg=0x10000100 cmp=com.whaletv.launcher/com.zeasn.whaletv.module.home.HomeActivity } baseActivity=ComponentInfo{com.whaletv.launcher/com.zeasn.whaletv.module.home.HomeActivity} topActivity=ComponentInfo{com.whaletv.launcher/com.zeasn.whaletv.module.home.page.HomeSearchActivity} origActivity=null realActivity=ComponentInfo{com.whaletv.launcher/com.zeasn.whaletv.module.home.HomeActivity} numActivities=2 lastActiveTime=8250518 supportsMultiWindow=false resizeMode=0 isResizeable=false minWidth=-1 minHeight=-1 defaultMinSize=220 token=WCT{RemoteToken{ab1e3c9 Task{ee1df77 #6 type=home A=1000:com.whaletv.launcher}}} topActivityType=2 pictureInPictureParams=null shouldDockBigOverlays=true launchIntoPipHostTaskId=-1 lastParentTaskIdBeforePip=-1 displayCutoutSafeInsets=null topActivityInfo=ActivityInfo{72bd772 com.zeasn.whaletv.module.home.page.HomeSearchActivity} launchCookies=[] positionInParent=Point(0, 0) parentTaskId=-1 isFocused=true isVisible=true isVisibleRequested=true isSleeping=false topActivityInSizeCompat=false topActivityEligibleForLetterboxEducation= false isLetterboxDoubleTapEnabled= false topActivityEligibleForUserAspectRatioButton= false topActivityBoundsLetterboxed= false isFromLetterboxDoubleTap= false topActivityLetterboxVerticalPosition= -1 topActivityLetterboxHorizontalPosition= -1 topActivityLetterboxWidth=-1 topActivityLetterboxHeight=-1 isUserFullscreenOverrideEnabled=false isTopActivityTransparent=false locusId=null displayAreaFeatureId=1 cameraCompatControlState=hidden}, remoteTransition = null, displayChange = null, flags = 0 }
11-07 18:36:07.171  1151  1193 V WindowManagerShell:  Delegate animation for #151 to null
11-07 18:36:07.171  1151  1193 V WindowManagerShell:  try handler com.android.wm.shell.transition.DefaultTransitionHandler@e63430f
11-07 18:36:07.171   857   887 V WindowManager:     startWCT=WindowContainerTransaction { changes = {} hops = [] errorCallbackToken=null taskFragmentOrganizer=null }
11-07 18:36:07.172  1151  1193 V WindowManagerShell: start default transition animation, info = {id=151 t=OPEN f=0x0 trk=0 r=[0@Point(0, 0)] c=[{null m=OPEN f=FILLS_TASK leash=Surface(name=ActivityRecord{5c3783c u0 com.whaletv.launcher/com.zeasn.whaletv.module.home.page.HomeSearchActivity)/@0xf468d89 sb=Rect(0, 0 - 0, 0) eb=Rect(0, 0 - 1920, 1080) d=-1->0 r=-1->0:-1},{null m=TO_BACK f=FILLS_TASK leash=Surface(name=ActivityRecord{2b60d76 u0 com.whaletv.launcher/com.zeasn.whaletv.module.home.HomeActivity)/@0x120318e sb=Rect(0, 0 - 1920, 1080) eb=Rect(0, 0 - 1920, 1080) d=0}]}
11-07 18:36:07.172   857   887 V WindowManager:     info={id=151 t=OPEN f=0x0 trk=0 r=[0@Point(0, 0)] c=[{null m=OPEN f=FILLS_TASK leash=Surface(name=ActivityRecord{5c3783c u0 com.whaletv.launcher/com.zeasn.whaletv.module.home.page.HomeSearchActivity)/@0xd892d4 sb=Rect(0, 0 - 0, 0) eb=Rect(0, 0 - 1920, 1080) d=-1->0 r=-1->0:-1},{null m=TO_BACK f=FILLS_TASK leash=Surface(name=ActivityRecord{2b60d76 u0 com.whaletv.launcher/com.zeasn.whaletv.module.home.HomeActivity)/@0xfb29285 sb=Rect(0, 0 - 1920, 1080) eb=Rect(0, 0 - 1920, 1080) d=0}]}
11-07 18:36:07.172  1151  1193 V WindowManagerShell: loadAnimation: anim=android.view.animation.AlphaAnimation@f71d89a animAttr=0x5 type=OPEN isEntrance=false
11-07 18:36:07.173  1151  1193 V WindowManagerShell: loadAnimation: anim=android.view.animation.AlphaAnimation@b4e91a8 animAttr=0x4 type=OPEN isEntrance=true
11-07 18:36:07.175  1151  1193 V WindowManagerShell:  animated by com.android.wm.shell.transition.DefaultTransitionHandler@e63430f
11-07 18:36:07.183  2961  2961 D WhaleHGridView: not should FixFocusToSecondLast=com.zeasn.whaleos.widget.WhaleHGridView{59182fe IFED..... ......I. 68,311-1920,311 #7f0b01af app:id/ex_hgrid_home_search_popular}
11-07 18:36:07.183  2961  2961 D WhaleHGridView: not should FixFocusToSecondLast=com.zeasn.whaleos.widget.WhaleHGridView{3525a5f IFED..... ......I. 72,422-1920,422 #7f0b01ae app:id/ex_hgrid_home_search_ai_voice}
11-07 18:36:07.185  2961  2961 D CacheManager: CacheRequest Using memory cached data for : RequestType{maxCacheDuration=21600000, key='search content at Searchrelease'} Expired Time:2025-11-07 10:39:07 this request hashCode:101948588
11-07 18:36:07.189  2961  2961 E ----->  : response : i= searchHome 
11-07 18:36:07.189  2961  2961 E ----->  : SUCCESS: = groupSearchPopular 有数据
11-07 18:36:07.190  2961  2961 D CacheManager: doFinally remove key:search content at Searchrelease 101948588
11-07 18:36:07.194  2961  2961 I HomePosterHorizontalViewBuilder: createViewFindFragmentByTag: null Fragment
11-07 18:36:07.205  2961  2961 I HomePosterHorizontalViewBuilder: createViewFindFragmentByTag: null Fragment
11-07 18:36:07.210  2961  2961 I HomePosterHorizontalViewBuilder: createViewFindFragmentByTag: null Fragment
11-07 18:36:07.214   857  1020 E JobScheduler.JobStatus: App com.whaletv.launcher became active but still in NEVER bucket
11-07 18:36:07.216  2961  2961 I HomePosterHorizontalViewBuilder: createViewFindFragmentByTag: null Fragment
11-07 18:36:07.221  2961  2961 I HomePosterHorizontalViewBuilder: createViewFindFragmentByTag: null Fragment
11-07 18:36:07.227  2961  2961 E Zeasn   : getChildCount>>5
11-07 18:36:07.227  2961  2961 E Zeasn   : exposed:1.0
11-07 18:36:07.227  2961  2961 E Zeasn   : exposed:1.0
11-07 18:36:07.227  2961  2961 E Zeasn   : exposed:1.0
11-07 18:36:07.227  2961  2961 E Zeasn   : exposed:1.0
11-07 18:36:07.227  2961  2961 E Zeasn   : exposed:0.38423645
11-07 18:36:07.284   857  1020 I ImeTracker: com.whaletv.launcher:b8b801bc: onRequestHide at ORIGIN_SERVER_HIDE_INPUT reason HIDE_UNSPECIFIED_WINDOW
11-07 18:36:07.285   857  1020 I ImeTracker: com.whaletv.launcher:b8b801bc: onCancelled at PHASE_SERVER_SHOULD_HIDE
11-07 18:36:07.286  2172  2172 D InputModeSwitcher: is english -------- two --
11-07 18:36:07.287  2172  2172 D InputModeSwitcher: saveInputMode --- 33554432
11-07 18:36:07.288  2961  2961 D WhaleHGridView: mFocusedOffsetPosition=3, mFocusedOffset=1272, =com.zeasn.whaleos.widget.WhaleHGridView{59182fe VFED..... ......ID 68,311-1920,543 #7f0b01af app:id/ex_hgrid_home_search_popular}
11-07 18:36:07.288  2961  2961 D WhaleHGridView: not should FixFocusToSecondLast=com.zeasn.whaleos.widget.WhaleHGridView{3525a5f IFED..... ......I. 72,654-1920,654 #7f0b01ae app:id/ex_hgrid_home_search_ai_voice}
11-07 18:36:07.299  2506  4590 D RemoteService: Service not connected, waiting to retry
11-07 18:36:07.308   857   857 D ResendCecCommandAction: sendCommandWithoutRetries failed, retry
11-07 18:36:07.308   857  1111 D HDMI    : [S]:<Text View On> 40:0D
11-07 18:36:07.364   513   566 D hdmicecd: [CEC]:printCecMessage, [4 -> 0] len: 1, body: 0d, result:no ack
11-07 18:36:07.386   857  1828 E JobScheduler.JobStatus: App com.whaletv.launcher became active but still in NEVER bucket
11-07 18:36:07.420   513   566 D hdmicecd: [CEC]:printCecMessage, [4 -> 0] len: 1, body: 0d, result:no ack
11-07 18:36:07.582  1151  1193 V WindowManagerShell: Transition animation finished (aborted=false), notifying core (#151)android.os.BinderProxy@cbf2342@0
11-07 18:36:07.585   857   887 V WindowManager: Finish Transition #151: created at 11-07 05:36:07.023 collect-started=0.097ms request-sent=8.48ms started=10.451ms ready=19.216ms sent=145.209ms finished=560.488ms
11-07 18:36:07.588  1151  1193 V WindowManagerShell: Track 0 became idle
11-07 18:36:07.588  1151  1193 V WindowManagerShell: All active transition animations finished
11-07 18:36:07.634  2961  2961 I MicroBaseActivityLifeCycleCallback: ActivityLifecycle > onActivityStopped HomeActivity
11-07 18:36:07.635  2961  2961 I TrackerTimeHandler: stopCounting: 
11-07 18:36:07.635  2961  2961 I TrackerTimeHandler: recordDuration: 
11-07 18:36:07.635  2961  2961 I WhaleEventTracker: onEvent: action: 110010003 source: Home target: null param: 1762510259485 result: 31824
11-07 18:36:07.635  2961  2961 I initTrack: initTrack: onConsumerEvent action -> 110010003
11-07 18:36:07.647  2961  2961 D HomeMainFragment: findTargetFragmentByClass: target -> class com.zeasn.whaletv.module.home.page.HomeSecondFragment
11-07 18:36:07.647  2961  2961 D HomeMainFragment: findTargetFragmentByClass: fragment -> HomeSecondFragment{2d61038} (0d79c41f-b1a1-42a0-8016-835869154223 id=0x7f0b020e)
11-07 18:36:07.647  2961  2961 D HomeMainFragment: findTargetFragmentByClass: target -> class com.zeasn.whaletv.module.home.page.HomeDefaultFragment
11-07 18:36:07.647  2961  2961 D HomeMainFragment: findTargetFragmentByClass: fragment -> HomeDefaultFragment{f1ceada} (5a8d82e2-b72b-4aea-9c68-b5c53e7166f8 id=0x7f0b0216)
11-07 18:36:07.647  2186  2274 D whaleservice:   isSelfTV:false
11-07 18:36:07.648  2186  2274 D whaleservice:  system prop changed  OTAProp:0 factoryM_F =0 wholeOldTest =0 factoryM_K =0factoryM_C = 0
11-07 18:36:07.648  2186  2274 D whaleservice:  oldTest = 0 isFactrogGuest =false
11-07 18:36:07.648  2186  2274 D whaleservice:   searchTV = 0 standby =0 liveTVSearchState =false
11-07 18:36:07.648  2186  2274 D whaleservice:   toptFactoryAT = 0 zeasnEwsSate = 0
11-07 18:36:07.648  2186  2274 D whaleservice:  factoryODM_C = 0
11-07 18:36:07.648  2186  2274 D whaleservice:   OTAProp:0 do nothing
11-07 18:36:07.648  2186  2274 D whaleservice: Timer start result =0
11-07 18:36:07.648  2186  2274 D whaleservice: Timer start Count =3
11-07 18:36:07.648  2186  2274 D whaleservice: quickSleepTime = 0 quickSignalTime = 0
11-07 18:36:07.648  2186  2274 D whaleservice: subSuspendTime  timerTime = 14400 signalTimerTime =900
11-07 18:36:07.649  2186  2274 D whaleservice: Time left  timerTimeRemain = 14397
11-07 18:36:07.649  2961  2961 I HomeSecondFragment: onStop: 
11-07 18:36:07.654  2961  3031 I zeasn_db: Storage Success; _id = 2EventBean{ data = 2025-11-07T10:36:07.636,GMT-5:00,,,,990720456112211278,98:C9:BE:38:32:C8,d62903433941333931118f29f9e1cb00,US,en,WHALEOS_SDMC_AMLS905Y5_4KSTB_MTP_P1,7,S905Y5_Brand_0001,10409c21808d834ed5bc58fbcd0b1fee82,wtv10,WHALEOSZEASNS905Y54KSTBMTP0001,WHALEOS_ZEASN_AMLS905Y5_4KSTB_MTP_00000002,WhaleLauncher,2.0.2.32-ZSNMaster-prod,1.2.00,1920*1080*240,9,WhaleOS_10,110010003,Home,,1762510259485,31824,,,,,,,,,98:C9:BE:38:32:C8||172.16.52.180||Ethernet,, event_id=110010003, _id=0, busiType=WHALEOS_AML_CLIENT_LOG}
11-07 18:36:07.663   857  1828 D PowerManagerService: releaseWakeLockInternal: lock=203440193 [*launch*], flags=0x0
11-07 18:36:07.663   857  1828 D PowerManagerService: updateWakeLockSummaryLocked: mWakefulness=Awake, mWakeLockSummary=0x1
11-07 18:36:07.664   857  1828 D PowerManagerService: updateUserActivitySummaryLocked: groupId=0, mWakefulness=Awake, mUserActivitySummary=0x1, nextTimeout=9141375 (in 890223 ms)
11-07 18:36:07.664   857  1828 D PowerManagerService: updateDisplayPowerStateLocked: displayReady=true, groupId=0, policy=BRIGHT, mWakefulness=Awake, mWakeLockSummary=0x1, mUserActivitySummary=0x1, mBootCompleted=true, screenBrightnessOverride=NaN, mScreenBrightnessBoostInProgress=false, sQuiescent=false
11-07 18:36:07.665   857   914 I PowerManagerService: pmsarc mScreenOffTimeoutSetting =900000
11-07 18:36:07.721   857   857 D ResendCecCommandAction: sendCommandWithoutRetries failed, retry
11-07 18:36:07.721   857  1111 D HDMI    : [S]:<Text View On> 40:0D
11-07 18:36:07.776   513   566 D hdmicecd: [CEC]:printCecMessage, [4 -> 0] len: 1, body: 0d, result:no ack
11-07 18:36:07.799  2506  4590 D RemoteService: Service not connected, waiting to retry
11-07 18:36:07.832   513   566 D hdmicecd: [CEC]:printCecMessage, [4 -> 0] len: 1, body: 0d, result:no ack
11-07 18:36:07.849  1368  1368 I NetflixService: fg: false  mIsNetflixFg: false
11-07 18:36:07.857  2961 11020 I okhttp.OkHttpClient: --> GET https://skillstore.zeasn.tv/skill/api/device/v1/skill/guidance/tab?token=123bebd75195d640da9b6ef190eacfc428.7.wtv10..98c9be3832c8&userToken=oxPJEzyJdIKohh7xvgwyG7yabVcXTQxfgI7Ko6hG8Bg&skillId=2&langCode=en-us&size=12 http/1.1
11-07 18:36:07.857  2961 11020 I okhttp.OkHttpClient: User-Agent: ZeasnAOSP/14 (EUI64=98C9BEfffe3832C8;DeviceType=WHALEOS_SDMC_AMLS905Y5_4KSTB_MTP_P1;ProductID=wtv10;DeviceSetID=;BrandID=7;ClientPKG=com.whaletv.launcher;ClientVersion=2.0.2.32-ZSNMaster-prod;ClientVersionNum=20000232;UserAgentVersion=2.0)
11-07 18:36:07.857  2961 11020 I okhttp.OkHttpClient: userToken: oxPJEzyJdIKohh7xvgwyG7yabVcXTQxfgI7Ko6hG8Bg
11-07 18:36:07.857  2961 11020 I okhttp.OkHttpClient: Host: skillstore.zeasn.tv
11-07 18:36:07.857  2961 11020 I okhttp.OkHttpClient: Connection: Keep-Alive
11-07 18:36:07.857  2961 11020 I okhttp.OkHttpClient: Accept-Encoding: gzip
11-07 18:36:07.857  2961 11020 I okhttp.OkHttpClient: --> END GET
11-07 18:36:07.943   857  1828 D PowerManagerService: releaseWakeLockInternal: lock=68822192 [AudioMix], flags=0x0
11-07 18:36:07.944   857  1828 D PowerManagerService: updateWakeLockSummaryLocked: mWakefulness=Awake, mWakeLockSummary=0x0
11-07 18:36:07.945   857  1828 D PowerManagerService: updateUserActivitySummaryLocked: groupId=0, mWakefulness=Awake, mUserActivitySummary=0x1, nextTimeout=9141375 (in 889941 ms)
11-07 18:36:07.945   857  1828 D PowerManagerService: updateDisplayPowerStateLocked: displayReady=true, groupId=0, policy=BRIGHT, mWakefulness=Awake, mWakeLockSummary=0x0, mUserActivitySummary=0x1, mBootCompleted=true, screenBrightnessOverride=NaN, mScreenBrightnessBoostInProgress=false, sQuiescent=false
11-07 18:36:07.945   857  1828 D PowerManagerService: Releasing suspend blocker "PowerManagerService.WakeLocks".
11-07 18:36:07.945   857   914 I PowerManagerService: pmsarc mScreenOffTimeoutSetting =900000
11-07 18:36:08.084  2582  2623 D DialMonitorService: processName:com.netflix.ninja,importance:300
11-07 18:36:08.089  2961 11020 I okhttp.OkHttpClient: <-- 200 OK https://skillstore.zeasn.tv/skill/api/device/v1/skill/guidance/tab?token=123bebd75195d640da9b6ef190eacfc428.7.wtv10..98c9be3832c8&userToken=oxPJEzyJdIKohh7xvgwyG7yabVcXTQxfgI7Ko6hG8Bg&skillId=2&langCode=en-us&size=12 (231ms)
11-07 18:36:08.089  2961 11020 I okhttp.OkHttpClient: Access-Control-Allow-Headers: *
11-07 18:36:08.089  2961 11020 I okhttp.OkHttpClient: Access-Control-Allow-Methods: POST, GET, PUT, OPTIONS, DELETE
11-07 18:36:08.089  2961 11020 I okhttp.OkHttpClient: Access-Control-Allow-Origin: *
11-07 18:36:08.089  2961 11020 I okhttp.OkHttpClient: Content-Length: 835
11-07 18:36:08.089  2961 11020 I okhttp.OkHttpClient: Content-Type: application/json;charset=UTF-8
11-07 18:36:08.089  2961 11020 I okhttp.OkHttpClient: Date: Fri, 07 Nov 2025 10:36:07 GMT
11-07 18:36:08.090  2961 11020 I okhttp.OkHttpClient: {"data":[{"tabBackImg":"","tabContent":"Show me some action movies."},{"tabBackImg":"","tabContent":"Resume The Bear on Hulu."},{"tabBackImg":"","tabContent":"Play something my kids will like."},{"tabBackImg":"","tabContent":"Show me videos with YouTube."},{"tabBackImg":"","tabContent":"Find Deadpool & Wolverine."},{"tabBackImg":"","tabContent":"Play the latest episode of The Boys."},{"tabBackImg":"","tabContent":"Find anime similar to Demon Slayer."},{"tabBackImg":"","tabContent":"Show award-winning documentaries."},{"tabBackImg":"","tabContent":"Jackie Chan's movies"},{"tabBackImg":"","tabContent":"Show me Bridgerton Season 3 trailers."},{"tabBackImg":"","tabContent":"Recommend me some comdies."},{"tabBackImg":"","tabContent":"Lost in the Stars"}],"errorCode":"0","requestId":"20d4ecfcd0cd0deb","timestamp":"1762511767991"}
11-07 18:36:08.090  2961 11020 I okhttp.OkHttpClient: <-- END HTTP (835-byte body)
11-07 18:36:08.094  2961  2961 I WhaleOsApp: HomeSearchActivity initData：getAiVoices Success
