11-07 18:36:08.111  2961  2961 I HomeAiVoiceViewBuilder: createViewFindFragmentByTag: null Fragment
11-07 18:36:08.123  2961  2961 I HomeAiVoiceViewBuilder: createViewFindFragmentByTag: null Fragment
11-07 18:36:08.130  2961  2961 I HomeAiVoiceViewBuilder: createViewFindFragmentByTag: null Fragment
11-07 18:36:08.136  2961  2961 I HomeAiVoiceViewBuilder: createViewFindFragmentByTag: null Fragment
11-07 18:36:08.143  2961  2961 I HomeAiVoiceViewBuilder: createViewFindFragmentByTag: null Fragment
11-07 18:36:08.163  2961  2961 D WhaleHGridView: mFocusedOffsetPosition=3, mFocusedOffset=1260, =com.zeasn.whaleos.widget.WhaleHGridView{3525a5f VFED..... ........ 72,654-1920,828 #7f0b01ae app:id/ex_hgrid_home_search_ai_voice}
11-07 18:36:08.300  2506  4590 D RemoteService: Service not connected, waiting to retry
11-07 18:36:08.647  2186  2274 D whaleservice:   isSelfTV:false
11-07 18:36:08.648  2186  2274 D whaleservice:  system prop changed  OTAProp:0 factoryM_F =0 wholeOldTest =0 factoryM_K =0factoryM_C = 0
11-07 18:36:08.648  2186  2274 D whaleservice:  oldTest = 0 isFactrogGuest =false
11-07 18:36:08.648  2186  2274 D whaleservice:   searchTV = 0 standby =0 liveTVSearchState =false
11-07 18:36:08.648  2186  2274 D whaleservice:   toptFactoryAT = 0 zeasnEwsSate = 0
11-07 18:36:08.648  2186  2274 D whaleservice:  factoryODM_C = 0
11-07 18:36:08.648  2186  2274 D whaleservice:   OTAProp:0 do nothing
11-07 18:36:08.648  2186  2274 D whaleservice: Timer start result =0
11-07 18:36:08.648  2186  2274 D whaleservice: Timer start Count =4
11-07 18:36:08.649  2186  2274 D whaleservice: quickSleepTime = 0 quickSignalTime = 0
11-07 18:36:08.649  2186  2274 D whaleservice: subSuspendTime  timerTime = 14400 signalTimerTime =900
11-07 18:36:08.649  2186  2274 D whaleservice: Time left  timerTimeRemain = 14396
11-07 18:36:08.800  2506  4590 D RemoteService: Service not connected, waiting to retry
11-07 18:36:08.895   857   857 D HDMI    : one touch play retry:2
11-07 18:36:08.896   857  1111 D HDMI    : [S]:<Text View On> 40:0D
11-07 18:36:08.952   513   566 D hdmicecd: [CEC]:printCecMessage, [4 -> 0] len: 1, body: 0d, result:no ack
11-07 18:36:09.008   513   566 D hdmicecd: [CEC]:printCecMessage, [4 -> 0] len: 1, body: 0d, result:no ack
11-07 18:36:09.008   857  1111 D HDMI    : [S]:<Give Device Power Status> 40:8F
11-07 18:36:09.009   857   857 D ResendCecCommandAction: ResendCecCommandAction started
11-07 18:36:09.064   513   566 D hdmicecd: [CEC]:printCecMessage, [4 -> 0] len: 1, body: 8f, result:no ack
11-07 18:36:09.089  2582  2623 D DialMonitorService: processName:com.netflix.ninja,importance:300
11-07 18:36:09.120   513   566 D hdmicecd: [CEC]:printCecMessage, [4 -> 0] len: 1, body: 8f, result:no ack
11-07 18:36:09.300  2506  4590 D RemoteService: Service not connected, waiting to retry
11-07 18:36:09.309   857   857 D ResendCecCommandAction: sendCommandWithoutRetries failed, retry
11-07 18:36:09.310   857  1111 D HDMI    : [S]:<Text View On> 40:0D
11-07 18:36:09.364   513   566 D hdmicecd: [CEC]:printCecMessage, [4 -> 0] len: 1, body: 0d, result:no ack
11-07 18:36:09.420   513   513 D hdmicecd: [CEC]:printCecMessage, [4 -> 0] len: 1, body: 0d, result:no ack
11-07 18:36:09.420   513   513 E IPCThreadState: binder thread pool (1 threads) starved for 110 ms
11-07 18:36:09.647  2186  2274 D whaleservice:   isSelfTV:false
11-07 18:36:09.648  2186  2274 D whaleservice:  system prop changed  OTAProp:0 factoryM_F =0 wholeOldTest =0 factoryM_K =0factoryM_C = 0
11-07 18:36:09.648  2186  2274 D whaleservice:  oldTest = 0 isFactrogGuest =false
11-07 18:36:09.648  2186  2274 D whaleservice:   searchTV = 0 standby =0 liveTVSearchState =false
11-07 18:36:09.648  2186  2274 D whaleservice:   toptFactoryAT = 0 zeasnEwsSate = 0
11-07 18:36:09.648  2186  2274 D whaleservice:  factoryODM_C = 0
11-07 18:36:09.648  2186  2274 D whaleservice:   OTAProp:0 do nothing
11-07 18:36:09.648  2186  2274 D whaleservice: Timer start result =0
11-07 18:36:09.649  2186  2274 D whaleservice: Timer start Count =5
11-07 18:36:09.649  2186  2274 D whaleservice: quickSleepTime = 0 quickSignalTime = 0
11-07 18:36:09.649  2186  2274 D whaleservice: subSuspendTime  timerTime = 14400 signalTimerTime =900
11-07 18:36:09.649  2186  2274 D whaleservice: Time left  timerTimeRemain = 14395
11-07 18:36:09.721   857   857 D ResendCecCommandAction: sendCommandWithoutRetries failed, retry
11-07 18:36:09.722   857  1111 D HDMI    : [S]:<Text View On> 40:0D
11-07 18:36:09.776   513   513 D hdmicecd: [CEC]:printCecMessage, [4 -> 0] len: 1, body: 0d, result:no ack
11-07 18:36:09.800  2506  4590 D RemoteService: Service not connected, waiting to retry
11-07 18:36:09.832   513   513 D hdmicecd: [CEC]:printCecMessage, [4 -> 0] len: 1, body: 0d, result:no ack
11-07 18:36:10.093  2582  2623 D DialMonitorService: processName:com.netflix.ninja,importance:300
11-07 18:36:10.301  2506  4590 D RemoteService: Service not connected, waiting to retry
11-07 18:36:10.647  2186  2274 D whaleservice:   isSelfTV:false
11-07 18:36:10.648  2186  2274 D whaleservice:  system prop changed  OTAProp:0 factoryM_F =0 wholeOldTest =0 factoryM_K =0factoryM_C = 0
11-07 18:36:10.648  2186  2274 D whaleservice:  oldTest = 0 isFactrogGuest =false
11-07 18:36:10.648  2186  2274 D whaleservice:   searchTV = 0 standby =0 liveTVSearchState =false
11-07 18:36:10.648  2186  2274 D whaleservice:   toptFactoryAT = 0 zeasnEwsSate = 0
11-07 18:36:10.648  2186  2274 D whaleservice:  factoryODM_C = 0
11-07 18:36:10.648  2186  2274 D whaleservice:   OTAProp:0 do nothing
11-07 18:36:10.648  2186  2274 D whaleservice: Timer start result =0
11-07 18:36:10.648  2186  2274 D whaleservice: Timer start Count =6
11-07 18:36:10.648  2186  2274 D whaleservice: quickSleepTime = 0 quickSignalTime = 0
11-07 18:36:10.648  2186  2274 D whaleservice: subSuspendTime  timerTime = 14400 signalTimerTime =900
11-07 18:36:10.648  2186  2274 D whaleservice: Time left  timerTimeRemain = 14394
11-07 18:36:10.801  2506  4590 D RemoteService: Service not connected, waiting to retry
11-07 18:36:10.896   857   857 D HDMI    : one touch play retry:3
11-07 18:36:10.896   857  1111 D HDMI    : [S]:<Text View On> 40:0D
11-07 18:36:10.952   513   513 D hdmicecd: [CEC]:printCecMessage, [4 -> 0] len: 1, body: 0d, result:no ack
11-07 18:36:11.008   513   513 D hdmicecd: [CEC]:printCecMessage, [4 -> 0] len: 1, body: 0d, result:no ack
11-07 18:36:11.009   857  1111 D HDMI    : [S]:<Give Device Power Status> 40:8F
11-07 18:36:11.009   857   857 D ResendCecCommandAction: ResendCecCommandAction started
11-07 18:36:11.068   513   513 D hdmicecd: [CEC]:printCecMessage, [4 -> 0] len: 1, body: 8f, result:no ack
11-07 18:36:11.098  2582  2623 D DialMonitorService: processName:com.netflix.ninja,importance:300
11-07 18:36:11.124   513   513 D hdmicecd: [CEC]:printCecMessage, [4 -> 0] len: 1, body: 8f, result:no ack
11-07 18:36:11.301  2506  4590 D RemoteService: Service not connected, waiting to retry
11-07 18:36:11.309   857   857 D ResendCecCommandAction: sendCommandWithoutRetries failed, retry
11-07 18:36:11.309   857  1111 D HDMI    : [S]:<Text View On> 40:0D
11-07 18:36:11.364   513   513 D hdmicecd: [CEC]:printCecMessage, [4 -> 0] len: 1, body: 0d, result:no ack
11-07 18:36:11.420   513   513 D hdmicecd: [CEC]:printCecMessage, [4 -> 0] len: 1, body: 0d, result:no ack
11-07 18:36:11.555     0     0 E [0 T2612  dh] [debug]: IRQRatio___ERR.irq:64/WIFI_INT action=hal_irq_top.cfi_jt [w1u] ratio:1
11-07 18:36:11.556     0     0 E [0 T2612  dh] [debug]: period_time:1000ms isr_sum_time:12ms, cnt:27193, last_exec_time:1us
11-07 18:36:11.647  2186  2274 D whaleservice:   isSelfTV:false
11-07 18:36:11.648  2186  2274 D whaleservice:  system prop changed  OTAProp:0 factoryM_F =0 wholeOldTest =0 factoryM_K =0factoryM_C = 0
11-07 18:36:11.648  2186  2274 D whaleservice:  oldTest = 0 isFactrogGuest =false
11-07 18:36:11.648  2186  2274 D whaleservice:   searchTV = 0 standby =0 liveTVSearchState =false
11-07 18:36:11.648  2186  2274 D whaleservice:   toptFactoryAT = 0 zeasnEwsSate = 0
11-07 18:36:11.648  2186  2274 D whaleservice:  factoryODM_C = 0
11-07 18:36:11.648  2186  2274 D whaleservice:   OTAProp:0 do nothing
11-07 18:36:11.648  2186  2274 D whaleservice: Timer start result =0
11-07 18:36:11.648  2186  2274 D whaleservice: Timer start Count =7
11-07 18:36:11.649  2186  2274 D whaleservice: quickSleepTime = 0 quickSignalTime = 0
11-07 18:36:11.649  2186  2274 D whaleservice: subSuspendTime  timerTime = 14400 signalTimerTime =900
11-07 18:36:11.649  2186  2274 D whaleservice: Time left  timerTimeRemain = 14393
11-07 18:36:11.721   857   857 D ResendCecCommandAction: sendCommandWithoutRetries failed, retry
11-07 18:36:11.722   857  1111 D HDMI    : [S]:<Text View On> 40:0D
11-07 18:36:11.776   513   513 D hdmicecd: [CEC]:printCecMessage, [4 -> 0] len: 1, body: 0d, result:no ack
11-07 18:36:11.802  2506  4590 D RemoteService: Service not connected, waiting to retry
11-07 18:36:11.832   513   566 D hdmicecd: [CEC]:printCecMessage, [4 -> 0] len: 1, body: 0d, result:no ack
11-07 18:36:11.832   513   566 E IPCThreadState: binder thread pool (1 threads) starved for 110 ms
11-07 18:36:12.102  2582  2623 D DialMonitorService: processName:com.netflix.ninja,importance:300
11-07 18:36:12.302  2506  4590 D RemoteService: Service not connected, waiting to retry
11-07 18:36:12.647  2186  2274 D whaleservice:   isSelfTV:false
11-07 18:36:12.648  2186  2274 D whaleservice:  system prop changed  OTAProp:0 factoryM_F =0 wholeOldTest =0 factoryM_K =0factoryM_C = 0
11-07 18:36:12.648  2186  2274 D whaleservice:  oldTest = 0 isFactrogGuest =false
11-07 18:36:12.648  2186  2274 D whaleservice:   searchTV = 0 standby =0 liveTVSearchState =false
11-07 18:36:12.648  2186  2274 D whaleservice:   toptFactoryAT = 0 zeasnEwsSate = 0
11-07 18:36:12.648  2186  2274 D whaleservice:  factoryODM_C = 0
11-07 18:36:12.648  2186  2274 D whaleservice:   OTAProp:0 do nothing
11-07 18:36:12.648  2186  2274 D whaleservice: Timer start result =0
11-07 18:36:12.649  2186  2274 D whaleservice: Timer start Count =8
11-07 18:36:12.649  2186  2274 D whaleservice: quickSleepTime = 0 quickSignalTime = 0
11-07 18:36:12.649  2186  2274 D whaleservice: subSuspendTime  timerTime = 14400 signalTimerTime =900
11-07 18:36:12.649  2186  2274 D whaleservice: Time left  timerTimeRemain = 14392
11-07 18:36:12.802  2506  4590 D RemoteService: Service not connected, waiting to retry
11-07 18:36:12.897   857   857 D HDMI    : one touch play retry:4
11-07 18:36:12.898   857  1111 D HDMI    : [S]:<Text View On> 40:0D
11-07 18:36:12.952   513   566 D hdmicecd: [CEC]:printCecMessage, [4 -> 0] len: 1, body: 0d, result:no ack
11-07 18:36:13.008   513   566 D hdmicecd: [CEC]:printCecMessage, [4 -> 0] len: 1, body: 0d, result:no ack
11-07 18:36:13.008   857  1111 D HDMI    : [S]:<Give Device Power Status> 40:8F
11-07 18:36:13.009   857   857 D ResendCecCommandAction: ResendCecCommandAction started
11-07 18:36:13.064   513   566 D hdmicecd: [CEC]:printCecMessage, [4 -> 0] len: 1, body: 8f, result:no ack
11-07 18:36:13.106  2582  2623 D DialMonitorService: processName:com.netflix.ninja,importance:300
11-07 18:36:13.124   513   513 D hdmicecd: [CEC]:printCecMessage, [4 -> 0] len: 1, body: 8f, result:no ack
11-07 18:36:13.125   513   513 E IPCThreadState: binder thread pool (1 threads) starved for 116 ms
11-07 18:36:13.302  2506  4590 D RemoteService: Service not connected, waiting to retry
11-07 18:36:13.309   857   857 D ResendCecCommandAction: sendCommandWithoutRetries failed, retry
11-07 18:36:13.310   857  1111 D HDMI    : [S]:<Text View On> 40:0D
11-07 18:36:13.364   513   513 D hdmicecd: [CEC]:printCecMessage, [4 -> 0] len: 1, body: 0d, result:no ack
11-07 18:36:13.420   513   513 D hdmicecd: [CEC]:printCecMessage, [4 -> 0] len: 1, body: 0d, result:no ack
11-07 18:36:13.647  2186  2274 D whaleservice:   isSelfTV:false
11-07 18:36:13.648  2186  2274 D whaleservice:  system prop changed  OTAProp:0 factoryM_F =0 wholeOldTest =0 factoryM_K =0factoryM_C = 0
11-07 18:36:13.648  2186  2274 D whaleservice:  oldTest = 0 isFactrogGuest =false
11-07 18:36:13.648  2186  2274 D whaleservice:   searchTV = 0 standby =0 liveTVSearchState =false
11-07 18:36:13.648  2186  2274 D whaleservice:   toptFactoryAT = 0 zeasnEwsSate = 0
11-07 18:36:13.648  2186  2274 D whaleservice:  factoryODM_C = 0
11-07 18:36:13.648  2186  2274 D whaleservice:   OTAProp:0 do nothing
11-07 18:36:13.648  2186  2274 D whaleservice: Timer start result =0
11-07 18:36:13.648  2186  2274 D whaleservice: Timer start Count =9
11-07 18:36:13.649  2186  2274 D whaleservice: quickSleepTime = 0 quickSignalTime = 0
11-07 18:36:13.649  2186  2274 D whaleservice: subSuspendTime  timerTime = 14400 signalTimerTime =900
11-07 18:36:13.649  2186  2274 D whaleservice: Time left  timerTimeRemain = 14391
11-07 18:36:13.721   857   857 D ResendCecCommandAction: sendCommandWithoutRetries failed, retry
11-07 18:36:13.722   857  1111 D HDMI    : [S]:<Text View On> 40:0D
11-07 18:36:13.776   513   513 D hdmicecd: [CEC]:printCecMessage, [4 -> 0] len: 1, body: 0d, result:no ack
11-07 18:36:13.803  2506  4590 D RemoteService: Service not connected, waiting to retry
11-07 18:36:13.832   513   513 D hdmicecd: [CEC]:printCecMessage, [4 -> 0] len: 1, body: 0d, result:no ack
11-07 18:36:14.110  2582  2623 D DialMonitorService: processName:com.netflix.ninja,importance:300
11-07 18:36:14.303  2506  4590 D RemoteService: Service not connected, waiting to retry
11-07 18:36:14.647  2186  2274 D whaleservice:   isSelfTV:false
11-07 18:36:14.648  2186  2274 D whaleservice:  system prop changed  OTAProp:0 factoryM_F =0 wholeOldTest =0 factoryM_K =0factoryM_C = 0
11-07 18:36:14.648  2186  2274 D whaleservice:  oldTest = 0 isFactrogGuest =false
11-07 18:36:14.648  2186  2274 D whaleservice:   searchTV = 0 standby =0 liveTVSearchState =false
11-07 18:36:14.648  2186  2274 D whaleservice:   toptFactoryAT = 0 zeasnEwsSate = 0
11-07 18:36:14.648  2186  2274 D whaleservice:  factoryODM_C = 0
11-07 18:36:14.648  2186  2274 D whaleservice:   OTAProp:0 do nothing
11-07 18:36:14.648  2186  2274 D whaleservice: Timer start result =0
11-07 18:36:14.648  2186  2274 D whaleservice: Timer start Count =10
11-07 18:36:14.649  2186  2274 D whaleservice: quickSleepTime = 0 quickSignalTime = 0
11-07 18:36:14.649  2186  2274 D whaleservice: subSuspendTime  timerTime = 14400 signalTimerTime =900
11-07 18:36:14.649  2186  2274 D whaleservice: Time left  timerTimeRemain = 14390
11-07 18:36:14.803  2506  4590 D RemoteService: Service not connected, waiting to retry
11-07 18:36:14.898   857   857 D HDMI    : one touch play retry:5
11-07 18:36:14.899   857  1111 D HDMI    : [S]:<Text View On> 40:0D
11-07 18:36:14.956   513   513 D hdmicecd: [CEC]:printCecMessage, [4 -> 0] len: 1, body: 0d, result:no ack
11-07 18:36:15.016   513   513 D hdmicecd: [CEC]:printCecMessage, [4 -> 0] len: 1, body: 0d, result:no ack
11-07 18:36:15.016   857  1111 D HDMI    : [S]:<Give Device Power Status> 40:8F
11-07 18:36:15.017   857   857 D ResendCecCommandAction: ResendCecCommandAction started
11-07 18:36:15.072   513   513 D hdmicecd: [CEC]:printCecMessage, [4 -> 0] len: 1, body: 8f, result:no ack
11-07 18:36:15.115  2582  2623 D DialMonitorService: processName:com.netflix.ninja,importance:300
11-07 18:36:15.128   513   513 D hdmicecd: [CEC]:printCecMessage, [4 -> 0] len: 1, body: 8f, result:no ack
11-07 18:36:15.304  2506  4590 D RemoteService: Service not connected, waiting to retry
11-07 18:36:15.317   857   857 D ResendCecCommandAction: sendCommandWithoutRetries failed, retry
11-07 18:36:15.317   857  1111 D HDMI    : [S]:<Text View On> 40:0D
11-07 18:36:15.372   513   513 D hdmicecd: [CEC]:printCecMessage, [4 -> 0] len: 1, body: 0d, result:no ack
11-07 18:36:15.428   513   513 D hdmicecd: [CEC]:printCecMessage, [4 -> 0] len: 1, body: 0d, result:no ack
11-07 18:36:15.647  2186  2274 D whaleservice:   isSelfTV:false
11-07 18:36:15.648  2186  2274 D whaleservice:  system prop changed  OTAProp:0 factoryM_F =0 wholeOldTest =0 factoryM_K =0factoryM_C = 0
11-07 18:36:15.648  2186  2274 D whaleservice:  oldTest = 0 isFactrogGuest =false
11-07 18:36:15.648  2186  2274 D whaleservice:   searchTV = 0 standby =0 liveTVSearchState =false
11-07 18:36:15.648  2186  2274 D whaleservice:   toptFactoryAT = 0 zeasnEwsSate = 0
11-07 18:36:15.648  2186  2274 D whaleservice:  factoryODM_C = 0
11-07 18:36:15.648  2186  2274 D whaleservice:   OTAProp:0 do nothing
11-07 18:36:15.648  2186  2274 D whaleservice: Timer start result =0
11-07 18:36:15.648  2186  2274 D whaleservice: Timer start Count =11
11-07 18:36:15.649  2186  2274 D whaleservice: quickSleepTime = 0 quickSignalTime = 0
11-07 18:36:15.649  2186  2274 D whaleservice: subSuspendTime  timerTime = 14400 signalTimerTime =900
11-07 18:36:15.649  2186  2274 D whaleservice: Time left  timerTimeRemain = 14389
11-07 18:36:15.730   857   857 D ResendCecCommandAction: sendCommandWithoutRetries failed, retry
11-07 18:36:15.730   857  1111 D HDMI    : [S]:<Text View On> 40:0D
11-07 18:36:15.783   857   857 V HotPlugDetectionAction: Poll all devices.
11-07 18:36:15.784   513   513 D hdmicecd: [CEC]:printCecMessage, [4 -> 0] len: 1, body: 0d, result:no ack
11-07 18:36:15.804  2506  4590 D RemoteService: Service not connected, waiting to retry
11-07 18:36:15.840   513   566 D hdmicecd: [CEC]:printCecMessage, [4 -> 0] len: 1, body: 0d, result:no ack
11-07 18:36:15.840   513   566 E IPCThreadState: binder thread pool (1 threads) starved for 110 ms
11-07 18:36:15.896   513   566 D hdmicecd: [CEC]:printCecMessage, [4 -> 0] len: 0, body:, result:no ack
11-07 18:36:15.952   513   566 D hdmicecd: [CEC]:printCecMessage, [4 -> 1] len: 0, body:, result:no ack
11-07 18:36:16.008   513   513 D hdmicecd: [CEC]:printCecMessage, [4 -> 3] len: 0, body:, result:no ack
11-07 18:36:16.009   513   513 E IPCThreadState: binder thread pool (1 threads) starved for 112 ms
11-07 18:36:16.064   513   566 D hdmicecd: [CEC]:printCecMessage, [4 -> 5] len: 0, body:, result:no ack
11-07 18:36:16.119  2582  2623 D DialMonitorService: processName:com.netflix.ninja,importance:300
11-07 18:36:16.120   513   566 D hdmicecd: [CEC]:printCecMessage, [4 -> 8] len: 0, body:, result:no ack
11-07 18:36:16.176   513   566 D hdmicecd: [CEC]:printCecMessage, [4 -> b] len: 0, body:, result:no ack
11-07 18:36:16.232   513   513 D hdmicecd: [CEC]:printCecMessage, [4 -> e] len: 0, body:, result:no ack
11-07 18:36:16.232   513   513 E IPCThreadState: binder thread pool (1 threads) starved for 112 ms
11-07 18:36:16.232   857   857 D HdmiCecController: [P]:AllocatedAddress=[]
11-07 18:36:16.304  2506  4590 D RemoteService: Service not connected, waiting to retry
11-07 18:36:16.647  2186  2274 D whaleservice:   isSelfTV:false
11-07 18:36:16.648  2186  2274 D whaleservice:  system prop changed  OTAProp:0 factoryM_F =0 wholeOldTest =0 factoryM_K =0factoryM_C = 0
11-07 18:36:16.648  2186  2274 D whaleservice:  oldTest = 0 isFactrogGuest =false
11-07 18:36:16.648  2186  2274 D whaleservice:   searchTV = 0 standby =0 liveTVSearchState =false
11-07 18:36:16.648  2186  2274 D whaleservice:   toptFactoryAT = 0 zeasnEwsSate = 0
11-07 18:36:16.648  2186  2274 D whaleservice:  factoryODM_C = 0
11-07 18:36:16.648  2186  2274 D whaleservice:   OTAProp:0 do nothing
11-07 18:36:16.648  2186  2274 D whaleservice: Timer start result =0
11-07 18:36:16.648  2186  2274 D whaleservice: Timer start Count =12
11-07 18:36:16.649  2186  2274 D whaleservice: quickSleepTime = 0 quickSignalTime = 0
11-07 18:36:16.649  2186  2274 D whaleservice: subSuspendTime  timerTime = 14400 signalTimerTime =900
11-07 18:36:16.649  2186  2274 D whaleservice: Time left  timerTimeRemain = 14388
11-07 18:36:16.804  2506  4590 D RemoteService: Service not connected, waiting to retry
11-07 18:36:16.898   857   857 D HDMI    : one touch play retry:6
11-07 18:36:16.899   857  1111 D HDMI    : [S]:<Text View On> 40:0D
11-07 18:36:16.956   513   513 D hdmicecd: [CEC]:printCecMessage, [4 -> 0] len: 1, body: 0d, result:no ack
11-07 18:36:17.012   513   566 D hdmicecd: [CEC]:printCecMessage, [4 -> 0] len: 1, body: 0d, result:no ack
11-07 18:36:17.013   857  1111 D HDMI    : [S]:<Give Device Power Status> 40:8F
11-07 18:36:17.013   857   857 D ResendCecCommandAction: ResendCecCommandAction started
11-07 18:36:17.013   513   566 E IPCThreadState: binder thread pool (1 threads) starved for 114 ms
11-07 18:36:17.068   513   513 D hdmicecd: [CEC]:printCecMessage, [4 -> 0] len: 1, body: 8f, result:no ack
11-07 18:36:17.123  2582  2623 D DialMonitorService: processName:com.netflix.ninja,importance:300
11-07 18:36:17.128   513   513 D hdmicecd: [CEC]:printCecMessage, [4 -> 0] len: 1, body: 8f, result:no ack
11-07 18:36:17.132   857  1828 D WindowManager: getTopActivityName = com.zeasn.whaletv.module.home.page.HomeSearchActivity
11-07 18:36:17.132   857  1828 I WindowManager: Resolution reset sequence mismatch, resetting, keyCode: 23
11-07 18:36:17.132   857  1828 I WindowManager: Resolution reset sequence reset, current index: 0
11-07 18:36:17.132   857  1828 D WindowManager: isDefaultDisplayOn:true interactive:true
11-07 18:36:17.132   857  1828 D WindowManager: interactiveAndOn:true mTtsPowerOnKeyFlag0  mTtsPowerOffkeyFlag:0  down:true
11-07 18:36:17.132   857  1828 D WindowManager:  keyCode = 23interactiveAndOn = true down = true
11-07 18:36:17.133   857   997 D PowerManagerService: userActivityNoUpdateLocked: groupId=0, eventTime=8260620, event=button, flags=0x0, uid=1000
11-07 18:36:17.133   857   997 D PowerManagerService: updateUserActivitySummaryLocked: groupId=0, mWakefulness=Awake, mUserActivitySummary=0x1, nextTimeout=9153620 (in 892998 ms)
11-07 18:36:17.133   857   997 D PowerManagerService: updateDisplayPowerStateLocked: displayReady=true, groupId=0, policy=BRIGHT, mWakefulness=Awake, mWakeLockSummary=0x0, mUserActivitySummary=0x1, mBootCompleted=true, screenBrightnessOverride=NaN, mScreenBrightnessBoostInProgress=false, sQuiescent=false
11-07 18:36:17.135   857   914 I PowerManagerService: pmsarc mScreenOffTimeoutSetting =900000
11-07 18:36:17.135  2172  2172 I RemoteIME: onKeyDown keyCode : 23
11-07 18:36:17.135  2172  2172 I RemoteIME: sendKeyEventBroadcast keyCode : 23
11-07 18:36:17.136  2172  2172 D RemoteIME: keycode: 23, realAction: true
11-07 18:36:17.137  2961  2961 E ----->  : flTip: i= setOnClickListener 
11-07 18:36:17.137  2961  2961 E Zeasn   : binding.flTip===hasFocus==false
11-07 18:36:17.143  2172  2172 D InputModeSwitcher: is english -------- two --
11-07 18:36:17.143  2172  2172 D InputModeSwitcher: saveInputMode --- 33554432
11-07 18:36:17.144  2961  2961 I ImeTracker: com.whaletv.launcher:b11e57c8: onRequestShow at ORIGIN_CLIENT_SHOW_SOFT_INPUT reason SHOW_SOFT_INPUT
11-07 18:36:17.145  2961  2961 D InputMethodManager: showSoftInput() view=androidx.appcompat.widget.AppCompatEditText{6b2fc91 VFED..CL. .F....I. 0,0-0,0 #7f0b01a0 app:id/et_home_search aid=1073741824} flags=0 reason=SHOW_SOFT_INPUT
11-07 18:36:17.147   857  9590 W ProcessStats: Tracking association SourceState{88fb835 system/1000 BFgs #3305} whose proc state 4 is better than process ProcessState{ef0c43f com.droidlogic.inputmethod.remote/10048 pkg=com.droidlogic.inputmethod.remote} proc state 6 (15 skipped)
11-07 18:36:17.148  2961  2961 I HomeSearchActivity: dispatchKeyEvent: 0
11-07 18:36:17.149  2172  2172 D InputModeSwitcher: saveInputMode --- 303038464
11-07 18:36:17.150   857  1828 D WindowManager: getTopActivityName = com.zeasn.whaletv.module.home.page.HomeSearchActivity
11-07 18:36:17.150   857  1828 D WindowManager: isDefaultDisplayOn:true interactive:true
11-07 18:36:17.150   857  1828 D WindowManager: interactiveAndOn:true mTtsPowerOnKeyFlag0  mTtsPowerOffkeyFlag:0  down:false
11-07 18:36:17.150   857  1828 D WindowManager:  keyCode = 23interactiveAndOn = true down = false
11-07 18:36:17.151   857   997 I WindowManager: sendVoiceBroadcast operation : RESET_ENERGY
11-07 18:36:17.151   857   997 W ContextImpl: Calling a method in the system process without a qualified user: android.app.ContextImpl.sendBroadcast:1220 com.android.server.policy.PhoneWindowManager.sendVoiceBroadcast:6716 com.android.server.policy.PhoneWindowManager.interceptKeyBeforeDispatching:3299 com.android.server.wm.InputManagerCallback.interceptKeyBeforeDispatching:183 com.android.server.input.InputManagerService.interceptKeyBeforeDispatching:2507 
11-07 18:36:17.152   857   997 E ActivityManager: Sending non-protected broadcast com.zeasn.action.KEY_RESET_ENERGY from system 857:system/1000 pkg android
11-07 18:36:17.152   857   997 E ActivityManager: java.lang.Throwable
11-07 18:36:17.152   857   997 E ActivityManager: 	at com.android.server.am.ActivityManagerService.checkBroadcastFromSystem(ActivityManagerService.java:14662)
11-07 18:36:17.152   857   997 E ActivityManager: 	at com.android.server.am.ActivityManagerService.broadcastIntentLockedTraced(ActivityManagerService.java:15487)
11-07 18:36:17.152   857   997 E ActivityManager: 	at com.android.server.am.ActivityManagerService.broadcastIntentLocked(ActivityManagerService.java:14726)
11-07 18:36:17.152   857   997 E ActivityManager: 	at com.android.server.am.ActivityManagerService.broadcastIntentWithFeature(ActivityManagerService.java:15692)
11-07 18:36:17.152   857   997 E ActivityManager: 	at android.app.ContextImpl.sendBroadcast(ContextImpl.java:1224)
11-07 18:36:17.152   857   997 E ActivityManager: 	at com.android.server.policy.PhoneWindowManager.sendVoiceBroadcast(PhoneWindowManager.java:6716)
11-07 18:36:17.152   857   997 E ActivityManager: 	at com.android.server.policy.PhoneWindowManager.interceptKeyBeforeDispatching(PhoneWindowManager.java:3299)
11-07 18:36:17.152   857   997 E ActivityManager: 	at com.android.server.wm.InputManagerCallback.interceptKeyBeforeDispatching(InputManagerCallback.java:183)
11-07 18:36:17.152   857   997 E ActivityManager: 	at com.android.server.input.InputManagerService.interceptKeyBeforeDispatching(InputManagerService.java:2507)
11-07 18:36:17.152   857   997 D WindowManager:  keyCodeStr=23_185
11-07 18:36:17.154  3112  3112 I MenuTimerObserver: MenuTimerObserver onChange:  option -> key_zeasn_record_user_rc_operation
11-07 18:36:17.156  3112  3112 I WhaleOsApp: MenuTimerImpl refreshShopModeAction -> 
11-07 18:36:17.156  3112  3112 D PidFactory: use env2 config ,env -> prod
11-07 18:36:17.156  3112  3112 I WhaleOsApp: MenuTimerImpl shopModeEnable -> false
11-07 18:36:17.156  3112  3112 I WhaleOsApp: MenuTimerImpl cancel enter E-sticker shop mode...
11-07 18:36:17.157  2172  2172 I RemoteIME: speak text:Enter
11-07 18:36:17.158  2172  2172 D RemoteIME: currentVolume:25 maxVolume:100 position:1
11-07 18:36:17.158  2172  2172 D RemoteIME: speakVolume:0.175
11-07 18:36:17.158  2172  2172 D RemoteIME: speakvolume:0.175
11-07 18:36:17.159  2961  2961 I MenuTimerObserver: MenuTimerObserver onChange:  option -> key_zeasn_record_user_rc_operation
11-07 18:36:17.159  2172  2172 D RemoteIME: currentVolume:25 maxVolume:100 position:1
11-07 18:36:17.159  2172  2172 D RemoteIME: speakVolume:0.175
11-07 18:36:17.160  2172  2172 I RemoteIME: speak after text:Enter ismute:false initFlag:false
11-07 18:36:17.160  2961  2961 I WhaleOsApp: MenuTimerImpl refreshShopModeAction -> 
11-07 18:36:17.160  2961  2961 D PidFactory: use env2 config ,env -> prod
11-07 18:36:17.160  2961  2961 I WhaleOsApp: MenuTimerImpl shopModeEnable -> false
11-07 18:36:17.160  2961  2961 I WhaleOsApp: MenuTimerImpl cancel enter E-sticker shop mode...
11-07 18:36:17.160  2172  2172 I RemoteIME: onKeyUp keyCode : 23
11-07 18:36:17.164  2961  2961 I ImeTracker: com.whaletv.launcher:16b61e6: onRequestShow at ORIGIN_CLIENT_SHOW_SOFT_INPUT reason SHOW_SOFT_INPUT
11-07 18:36:17.165  2961  2961 D InputMethodManager: showSoftInput() view=androidx.appcompat.widget.AppCompatEditText{6b2fc91 VFED..CL. .F...... 0,0-1776,100 #7f0b01a0 app:id/et_home_search aid=1073741824} flags=0 reason=SHOW_SOFT_INPUT
11-07 18:36:17.171  2961  2961 I HomeSearchActivity: dispatchKeyEvent: 1
11-07 18:36:17.173  2172  2253 E OpenGLRenderer: Unable to match the desired swap behavior.
11-07 18:36:17.175   857  1828 D CoreBackPreview: Window{bd03a4b u0 com.whaletv.launcher/com.zeasn.whaletv.module.home.page.HomeSearchActivity}: Setting back callback OnBackInvokedCallbackInfo{mCallback=android.window.IOnBackInvokedCallback$Stub$Proxy@d7c5021, mPriority=0, mIsAnimationCallback=false}
11-07 18:36:17.188   857  7614 I ImeTracker: com.whaletv.launcher:b11e57c8: onFailed at PHASE_WM_SHOW_IME_RUNNER
11-07 18:36:17.193  2961  2961 D InsetsController: show(ime(), fromIme=true)
11-07 18:36:17.305  2506  4590 D RemoteService: Service not connected, waiting to retry
11-07 18:36:17.314   857   857 D ResendCecCommandAction: sendCommandWithoutRetries failed, retry
11-07 18:36:17.314   857  1111 D HDMI    : [S]:<Text View On> 40:0D
11-07 18:36:17.368   513   513 D hdmicecd: [CEC]:printCecMessage, [4 -> 0] len: 1, body: 0d, result:no ack
11-07 18:36:17.404  2961  2961 I ImeTracker: com.whaletv.launcher:16b61e6: onShown
11-07 18:36:17.424   513   513 D hdmicecd: [CEC]:printCecMessage, [4 -> 0] len: 1, body: 0d, result:no ack
11-07 18:36:17.647  2186  2274 D whaleservice:   isSelfTV:false
11-07 18:36:17.648  2186  2274 D whaleservice:  system prop changed  OTAProp:0 factoryM_F =0 wholeOldTest =0 factoryM_K =0factoryM_C = 0
11-07 18:36:17.648  2186  2274 D whaleservice:  oldTest = 0 isFactrogGuest =false
11-07 18:36:17.648  2186  2274 D whaleservice:   searchTV = 0 standby =0 liveTVSearchState =false
11-07 18:36:17.648  2186  2274 D whaleservice:   toptFactoryAT = 0 zeasnEwsSate = 0
11-07 18:36:17.648  2186  2274 D whaleservice:  factoryODM_C = 0
11-07 18:36:17.648  2186  2274 D whaleservice:   OTAProp:0 do nothing
11-07 18:36:17.648  2186  2274 D whaleservice: Timer start result =0
11-07 18:36:17.648  2186  2274 D whaleservice: Timer start Count =13
11-07 18:36:17.649  2186  2274 D whaleservice: quickSleepTime = 0 quickSignalTime = 0
11-07 18:36:17.649  2186  2274 D whaleservice: subSuspendTime  timerTime = 14400 signalTimerTime =900
11-07 18:36:17.649  2186  2274 D whaleservice: Time left  timerTimeRemain = 14387
11-07 18:36:17.654  2186  2186 D whaleservice: intent action =com.zeasn.action.KEY_RESET_ENERGY
11-07 18:36:17.654  2186  2186 D whaleservice:  action change =com.zeasn.action.KEY_RESET_ENERGY
11-07 18:36:17.654  2186  2186 D whaleservice: Reset 
11-07 18:36:17.654  2186  2186 D whaleservice: intent printFlagSleep =false
11-07 18:36:17.656  2186  2186 D whaleservice: resetExecutorService i = 0 timerTime =14400
11-07 18:36:17.725   857   857 D ResendCecCommandAction: sendCommandWithoutRetries failed, retry
11-07 18:36:17.726   857  1111 D HDMI    : [S]:<Text View On> 40:0D
11-07 18:36:17.780   513   513 D hdmicecd: [CEC]:printCecMessage, [4 -> 0] len: 1, body: 0d, result:no ack
11-07 18:36:17.805  2506  4590 D RemoteService: Service not connected, waiting to retry
11-07 18:36:17.836   513   513 D hdmicecd: [CEC]:printCecMessage, [4 -> 0] len: 1, body: 0d, result:no ack
11-07 18:36:18.127  2582  2623 D DialMonitorService: processName:com.netflix.ninja,importance:300
11-07 18:36:18.305  2506  4590 D RemoteService: Service not connected, waiting to retry
11-07 18:36:18.647  2186  2274 D whaleservice:   isSelfTV:false
11-07 18:36:18.648  2186  2274 D whaleservice:  system prop changed  OTAProp:0 factoryM_F =0 wholeOldTest =0 factoryM_K =0factoryM_C = 0
11-07 18:36:18.648  2186  2274 D whaleservice:  oldTest = 0 isFactrogGuest =false
11-07 18:36:18.648  2186  2274 D whaleservice:   searchTV = 0 standby =0 liveTVSearchState =false
11-07 18:36:18.648  2186  2274 D whaleservice:   toptFactoryAT = 0 zeasnEwsSate = 0
11-07 18:36:18.648  2186  2274 D whaleservice:  factoryODM_C = 0
11-07 18:36:18.648  2186  2274 D whaleservice:   OTAProp:0 do nothing
11-07 18:36:18.648  2186  2274 D whaleservice: Timer start result =0
11-07 18:36:18.648  2186  2274 D whaleservice: Timer start Count =1
11-07 18:36:18.649  2186  2274 D whaleservice: quickSleepTime = 0 quickSignalTime = 0
11-07 18:36:18.649  2186  2274 D whaleservice: subSuspendTime  timerTime = 14400 signalTimerTime =900
11-07 18:36:18.649  2186  2274 D whaleservice: Time left  timerTimeRemain = 14399
11-07 18:36:18.806  2506  4590 D RemoteService: Service not connected, waiting to retry
11-07 18:36:18.900   857   857 D HDMI    : one touch play retry:7
11-07 18:36:18.901   857  1111 D HDMI    : [S]:<Text View On> 40:0D
11-07 18:36:18.956   513   513 D hdmicecd: [CEC]:printCecMessage, [4 -> 0] len: 1, body: 0d, result:no ack
11-07 18:36:19.016   513   513 D hdmicecd: [CEC]:printCecMessage, [4 -> 0] len: 1, body: 0d, result:no ack
11-07 18:36:19.016   857  1111 D HDMI    : [S]:<Give Device Power Status> 40:8F
11-07 18:36:19.017   857   857 D ResendCecCommandAction: ResendCecCommandAction started
11-07 18:36:19.072   513   513 D hdmicecd: [CEC]:printCecMessage, [4 -> 0] len: 1, body: 8f, result:no ack
11-07 18:36:19.128   513   513 D hdmicecd: [CEC]:printCecMessage, [4 -> 0] len: 1, body: 8f, result:no ack
11-07 18:36:19.132  2582  2623 D DialMonitorService: processName:com.netflix.ninja,importance:300
11-07 18:36:19.306  2506  4590 D RemoteService: Service not connected, waiting to retry
11-07 18:36:19.317   857   857 D ResendCecCommandAction: sendCommandWithoutRetries failed, retry
11-07 18:36:19.317   857  1111 D HDMI    : [S]:<Text View On> 40:0D
11-07 18:36:19.372   513   513 D hdmicecd: [CEC]:printCecMessage, [4 -> 0] len: 1, body: 0d, result:no ack
11-07 18:36:19.428   513   513 D hdmicecd: [CEC]:printCecMessage, [4 -> 0] len: 1, body: 0d, result:no ack
11-07 18:36:19.647  2186  2274 D whaleservice:   isSelfTV:false
11-07 18:36:19.648  2186  2274 D whaleservice:  system prop changed  OTAProp:0 factoryM_F =0 wholeOldTest =0 factoryM_K =0factoryM_C = 0
11-07 18:36:19.648  2186  2274 D whaleservice:  oldTest = 0 isFactrogGuest =false
11-07 18:36:19.648  2186  2274 D whaleservice:   searchTV = 0 standby =0 liveTVSearchState =false
11-07 18:36:19.648  2186  2274 D whaleservice:   toptFactoryAT = 0 zeasnEwsSate = 0
11-07 18:36:19.648  2186  2274 D whaleservice:  factoryODM_C = 0
11-07 18:36:19.648  2186  2274 D whaleservice:   OTAProp:0 do nothing
11-07 18:36:19.649  2186  2274 D whaleservice: Timer start result =0
11-07 18:36:19.649  2186  2274 D whaleservice: Timer start Count =2
11-07 18:36:19.649  2186  2274 D whaleservice: quickSleepTime = 0 quickSignalTime = 0
11-07 18:36:19.649  2186  2274 D whaleservice: subSuspendTime  timerTime = 14400 signalTimerTime =900
11-07 18:36:19.649  2186  2274 D whaleservice: Time left  timerTimeRemain = 14398
11-07 18:36:19.729   857   857 D ResendCecCommandAction: sendCommandWithoutRetries failed, retry
11-07 18:36:19.730   857  1111 D HDMI    : [S]:<Text View On> 40:0D
11-07 18:36:19.784   513   513 D hdmicecd: [CEC]:printCecMessage, [4 -> 0] len: 1, body: 0d, result:no ack
11-07 18:36:19.806  2506  4590 D RemoteService: Service not connected, waiting to retry
11-07 18:36:19.840   513   513 D hdmicecd: [CEC]:printCecMessage, [4 -> 0] len: 1, body: 0d, result:no ack
11-07 18:36:20.097  1665  1729 I zeasn_task: Trigger upload strategy based on time mechanism
11-07 18:36:20.102  1665  1729 I zeasn_count: data count : 0
11-07 18:36:20.136  2582  2623 D DialMonitorService: processName:com.netflix.ninja,importance:300
11-07 18:36:20.261   857  7614 D WindowManager: getTopActivityName = com.zeasn.whaletv.module.home.page.HomeSearchActivity
11-07 18:36:20.261   857  7614 D WindowManager: isDefaultDisplayOn:true interactive:true
11-07 18:36:20.261   857  7614 D WindowManager: interactiveAndOn:true mTtsPowerOnKeyFlag0  mTtsPowerOffkeyFlag:0  down:true
11-07 18:36:20.261   857  7614 D WindowManager:  keyCode = 44interactiveAndOn = true down = true
11-07 18:36:20.262   857   997 D PowerManagerService: userActivityNoUpdateLocked: groupId=0, eventTime=8263749, event=button, flags=0x0, uid=1000
11-07 18:36:20.262   857   997 D PowerManagerService: updateUserActivitySummaryLocked: groupId=0, mWakefulness=Awake, mUserActivitySummary=0x1, nextTimeout=9156749 (in 892998 ms)
11-07 18:36:20.262   857   997 D PowerManagerService: updateDisplayPowerStateLocked: displayReady=true, groupId=0, policy=BRIGHT, mWakefulness=Awake, mWakeLockSummary=0x0, mUserActivitySummary=0x1, mBootCompleted=true, screenBrightnessOverride=NaN, mScreenBrightnessBoostInProgress=false, sQuiescent=false
11-07 18:36:20.264   857   914 I PowerManagerService: pmsarc mScreenOffTimeoutSetting =900000
11-07 18:36:20.264  2172  2172 I RemoteIME: onKeyDown keyCode : 44
11-07 18:36:20.264  2172  2172 I RemoteIME: sendKeyEventBroadcast keyCode : 44
11-07 18:36:20.265  2172  2172 D RemoteIME: keycode: 44, realAction: true
11-07 18:36:20.265  2172  2172 D RemoteIME: processKeys: processChooseSoftKeys clickcount:0
11-07 18:36:20.265  2172  2172 D RemoteIME: ChooseSoftKeys: 44  realAction:true
11-07 18:36:20.265  2172  2172 D RemoteIME: debug test 101
11-07 18:36:20.265  2172  2172 D RemoteIME: processKeys: isEnglishWithSkb
11-07 18:36:20.268   857  7614 D WindowManager: getTopActivityName = com.zeasn.whaletv.module.home.page.HomeSearchActivity
11-07 18:36:20.268   857  7614 D WindowManager: isDefaultDisplayOn:true interactive:true
11-07 18:36:20.268   857  7614 D WindowManager: interactiveAndOn:true mTtsPowerOnKeyFlag0  mTtsPowerOffkeyFlag:0  down:false
11-07 18:36:20.268   857  7614 D WindowManager:  keyCode = 44interactiveAndOn = true down = false
11-07 18:36:20.269   857   997 I WindowManager: sendVoiceBroadcast operation : RESET_ENERGY
11-07 18:36:20.269   857   997 W ContextImpl: Calling a method in the system process without a qualified user: android.app.ContextImpl.sendBroadcast:1220 com.android.server.policy.PhoneWindowManager.sendVoiceBroadcast:6716 com.android.server.policy.PhoneWindowManager.interceptKeyBeforeDispatching:3299 com.android.server.wm.InputManagerCallback.interceptKeyBeforeDispatching:183 com.android.server.input.InputManagerService.interceptKeyBeforeDispatching:2507 
11-07 18:36:20.270   857   997 E ActivityManager: Sending non-protected broadcast com.zeasn.action.KEY_RESET_ENERGY from system 857:system/1000 pkg android
11-07 18:36:20.270   857   997 E ActivityManager: java.lang.Throwable
11-07 18:36:20.270   857   997 E ActivityManager: 	at com.android.server.am.ActivityManagerService.checkBroadcastFromSystem(ActivityManagerService.java:14662)
11-07 18:36:20.270   857   997 E ActivityManager: 	at com.android.server.am.ActivityManagerService.broadcastIntentLockedTraced(ActivityManagerService.java:15487)
11-07 18:36:20.270   857   997 E ActivityManager: 	at com.android.server.am.ActivityManagerService.broadcastIntentLocked(ActivityManagerService.java:14726)
11-07 18:36:20.270   857   997 E ActivityManager: 	at com.android.server.am.ActivityManagerService.broadcastIntentWithFeature(ActivityManagerService.java:15692)
11-07 18:36:20.270   857   997 E ActivityManager: 	at android.app.ContextImpl.sendBroadcast(ContextImpl.java:1224)
11-07 18:36:20.270   857   997 E ActivityManager: 	at com.android.server.policy.PhoneWindowManager.sendVoiceBroadcast(PhoneWindowManager.java:6716)
11-07 18:36:20.270   857   997 E ActivityManager: 	at com.android.server.policy.PhoneWindowManager.interceptKeyBeforeDispatching(PhoneWindowManager.java:3299)
11-07 18:36:20.270   857   997 E ActivityManager: 	at com.android.server.wm.InputManagerCallback.interceptKeyBeforeDispatching(InputManagerCallback.java:183)
11-07 18:36:20.270   857   997 E ActivityManager: 	at com.android.server.input.InputManagerService.interceptKeyBeforeDispatching(InputManagerService.java:2507)
11-07 18:36:20.271   857   997 D WindowManager:  keyCodeStr=44_918
11-07 18:36:20.273  3112  3112 I MenuTimerObserver: MenuTimerObserver onChange:  option -> key_zeasn_record_user_rc_operation
11-07 18:36:20.275  2961  2961 I MenuTimerObserver: MenuTimerObserver onChange:  option -> key_zeasn_record_user_rc_operation
11-07 18:36:20.275  3112  3112 I WhaleOsApp: MenuTimerImpl refreshShopModeAction -> 
11-07 18:36:20.275  3112  3112 D PidFactory: use env2 config ,env -> prod
11-07 18:36:20.275  2172  2172 I RemoteIME: onKeyUp keyCode : 44
11-07 18:36:20.275  3112  3112 I WhaleOsApp: MenuTimerImpl shopModeEnable -> false
11-07 18:36:20.275  3112  3112 I WhaleOsApp: MenuTimerImpl cancel enter E-sticker shop mode...
11-07 18:36:20.277  2961  2961 I WhaleOsApp: MenuTimerImpl refreshShopModeAction -> 
11-07 18:36:20.277  2961  2961 D PidFactory: use env2 config ,env -> prod
11-07 18:36:20.277  2961  2961 I WhaleOsApp: MenuTimerImpl shopModeEnable -> false
11-07 18:36:20.277  2961  2961 I WhaleOsApp: MenuTimerImpl cancel enter E-sticker shop mode...
11-07 18:36:20.278  2961  2961 I HomeSearchActivity: dispatchKeyEvent: 1
11-07 18:36:20.281   857  7614 D WindowManager: getTopActivityName = com.zeasn.whaletv.module.home.page.HomeSearchActivity
11-07 18:36:20.281   857  7614 D WindowManager: isDefaultDisplayOn:true interactive:true
11-07 18:36:20.281   857  7614 D WindowManager: interactiveAndOn:true mTtsPowerOnKeyFlag0  mTtsPowerOffkeyFlag:0  down:true
11-07 18:36:20.281   857  7614 D WindowManager:  keyCode = 30interactiveAndOn = true down = true
11-07 18:36:20.282  2172  2172 I RemoteIME: onKeyDown keyCode : 30
11-07 18:36:20.282  2172  2172 I RemoteIME: sendKeyEventBroadcast keyCode : 30
11-07 18:36:20.283  2172  2172 D RemoteIME: keycode: 30, realAction: true
11-07 18:36:20.283  2172  2172 D RemoteIME: processKeys: processChooseSoftKeys clickcount:0
11-07 18:36:20.283  2172  2172 D RemoteIME: ChooseSoftKeys: 30  realAction:true
11-07 18:36:20.283  2172  2172 D RemoteIME: debug test 101
11-07 18:36:20.283  2172  2172 D RemoteIME: processKeys: isEnglishWithSkb
11-07 18:36:20.286   857  7614 D WindowManager: getTopActivityName = com.zeasn.whaletv.module.home.page.HomeSearchActivity
11-07 18:36:20.286   857  7614 D WindowManager: isDefaultDisplayOn:true interactive:true
11-07 18:36:20.286   857  7614 D WindowManager: interactiveAndOn:true mTtsPowerOnKeyFlag0  mTtsPowerOffkeyFlag:0  down:false
11-07 18:36:20.286   857  7614 D WindowManager:  keyCode = 30interactiveAndOn = true down = false
11-07 18:36:20.287   857   997 I WindowManager: sendVoiceBroadcast operation : RESET_ENERGY
11-07 18:36:20.287   857   997 W ContextImpl: Calling a method in the system process without a qualified user: android.app.ContextImpl.sendBroadcast:1220 com.android.server.policy.PhoneWindowManager.sendVoiceBroadcast:6716 com.android.server.policy.PhoneWindowManager.interceptKeyBeforeDispatching:3299 com.android.server.wm.InputManagerCallback.interceptKeyBeforeDispatching:183 com.android.server.input.InputManagerService.interceptKeyBeforeDispatching:2507 
11-07 18:36:20.288   857   997 E ActivityManager: Sending non-protected broadcast com.zeasn.action.KEY_RESET_ENERGY from system 857:system/1000 pkg android
11-07 18:36:20.288   857   997 E ActivityManager: java.lang.Throwable
11-07 18:36:20.288   857   997 E ActivityManager: 	at com.android.server.am.ActivityManagerService.checkBroadcastFromSystem(ActivityManagerService.java:14662)
11-07 18:36:20.288   857   997 E ActivityManager: 	at com.android.server.am.ActivityManagerService.broadcastIntentLockedTraced(ActivityManagerService.java:15487)
11-07 18:36:20.288   857   997 E ActivityManager: 	at com.android.server.am.ActivityManagerService.broadcastIntentLocked(ActivityManagerService.java:14726)
11-07 18:36:20.288   857   997 E ActivityManager: 	at com.android.server.am.ActivityManagerService.broadcastIntentWithFeature(ActivityManagerService.java:15692)
11-07 18:36:20.288   857   997 E ActivityManager: 	at android.app.ContextImpl.sendBroadcast(ContextImpl.java:1224)
11-07 18:36:20.288   857   997 E ActivityManager: 	at com.android.server.policy.PhoneWindowManager.sendVoiceBroadcast(PhoneWindowManager.java:6716)
11-07 18:36:20.288   857   997 E ActivityManager: 	at com.android.server.policy.PhoneWindowManager.interceptKeyBeforeDispatching(PhoneWindowManager.java:3299)
11-07 18:36:20.288   857   997 E ActivityManager: 	at com.android.server.wm.InputManagerCallback.interceptKeyBeforeDispatching(InputManagerCallback.java:183)
11-07 18:36:20.288   857   997 E ActivityManager: 	at com.android.server.input.InputManagerService.interceptKeyBeforeDispatching(InputManagerService.java:2507)
11-07 18:36:20.288   857   997 D WindowManager:  keyCodeStr=30_647
11-07 18:36:20.291  3112  3112 I MenuTimerObserver: MenuTimerObserver onChange:  option -> key_zeasn_record_user_rc_operation
11-07 18:36:20.293  2172  2172 I RemoteIME: onKeyUp keyCode : 30
11-07 18:36:20.293  2961  2961 I MenuTimerObserver: MenuTimerObserver onChange:  option -> key_zeasn_record_user_rc_operation
11-07 18:36:20.295  3112  3112 I WhaleOsApp: MenuTimerImpl refreshShopModeAction -> 
11-07 18:36:20.295  3112  3112 D PidFactory: use env2 config ,env -> prod
11-07 18:36:20.295  3112  3112 I WhaleOsApp: MenuTimerImpl shopModeEnable -> false
11-07 18:36:20.295  3112  3112 I WhaleOsApp: MenuTimerImpl cancel enter E-sticker shop mode...
11-07 18:36:20.296  2961  2961 I WhaleOsApp: MenuTimerImpl refreshShopModeAction -> 
11-07 18:36:20.296  2961  2961 D PidFactory: use env2 config ,env -> prod
11-07 18:36:20.296  2961  2961 I WhaleOsApp: MenuTimerImpl shopModeEnable -> false
11-07 18:36:20.296  2961  2961 I WhaleOsApp: MenuTimerImpl cancel enter E-sticker shop mode...
11-07 18:36:20.296  2961  2961 I HomeSearchActivity: dispatchKeyEvent: 1
11-07 18:36:20.297   857  7614 D WindowManager: getTopActivityName = com.zeasn.whaletv.module.home.page.HomeSearchActivity
11-07 18:36:20.297   857  7614 D WindowManager: isDefaultDisplayOn:true interactive:true
11-07 18:36:20.298   857  7614 D WindowManager: interactiveAndOn:true mTtsPowerOnKeyFlag0  mTtsPowerOffkeyFlag:0  down:true
11-07 18:36:20.298   857  7614 D WindowManager:  keyCode = 47interactiveAndOn = true down = true
11-07 18:36:20.300  2172  2172 I RemoteIME: onKeyDown keyCode : 47
11-07 18:36:20.300  2172  2172 I RemoteIME: sendKeyEventBroadcast keyCode : 47
11-07 18:36:20.301  2172  2172 D RemoteIME: keycode: 47, realAction: true
11-07 18:36:20.301  2172  2172 D RemoteIME: processKeys: processChooseSoftKeys clickcount:0
11-07 18:36:20.301  2172  2172 D RemoteIME: ChooseSoftKeys: 47  realAction:true
11-07 18:36:20.301  2172  2172 D RemoteIME: debug test 101
11-07 18:36:20.301  2172  2172 D RemoteIME: processKeys: isEnglishWithSkb
11-07 18:36:20.303   857  7614 D WindowManager: getTopActivityName = com.zeasn.whaletv.module.home.page.HomeSearchActivity
11-07 18:36:20.303   857  7614 D WindowManager: isDefaultDisplayOn:true interactive:true
11-07 18:36:20.303   857  7614 D WindowManager: interactiveAndOn:true mTtsPowerOnKeyFlag0  mTtsPowerOffkeyFlag:0  down:false
11-07 18:36:20.303   857  7614 D WindowManager:  keyCode = 47interactiveAndOn = true down = false
11-07 18:36:20.304   857   997 I WindowManager: sendVoiceBroadcast operation : RESET_ENERGY
11-07 18:36:20.304   857   997 W ContextImpl: Calling a method in the system process without a qualified user: android.app.ContextImpl.sendBroadcast:1220 com.android.server.policy.PhoneWindowManager.sendVoiceBroadcast:6716 com.android.server.policy.PhoneWindowManager.interceptKeyBeforeDispatching:3299 com.android.server.wm.InputManagerCallback.interceptKeyBeforeDispatching:183 com.android.server.input.InputManagerService.interceptKeyBeforeDispatching:2507 
11-07 18:36:20.306  2506  4590 D RemoteService: Service not connected, waiting to retry
11-07 18:36:20.306   857   997 E ActivityManager: Sending non-protected broadcast com.zeasn.action.KEY_RESET_ENERGY from system 857:system/1000 pkg android
11-07 18:36:20.306   857   997 E ActivityManager: java.lang.Throwable
11-07 18:36:20.306   857   997 E ActivityManager: 	at com.android.server.am.ActivityManagerService.checkBroadcastFromSystem(ActivityManagerService.java:14662)
11-07 18:36:20.306   857   997 E ActivityManager: 	at com.android.server.am.ActivityManagerService.broadcastIntentLockedTraced(ActivityManagerService.java:15487)
11-07 18:36:20.306   857   997 E ActivityManager: 	at com.android.server.am.ActivityManagerService.broadcastIntentLocked(ActivityManagerService.java:14726)
11-07 18:36:20.306   857   997 E ActivityManager: 	at com.android.server.am.ActivityManagerService.broadcastIntentWithFeature(ActivityManagerService.java:15692)
11-07 18:36:20.306   857   997 E ActivityManager: 	at android.app.ContextImpl.sendBroadcast(ContextImpl.java:1224)
11-07 18:36:20.306   857   997 E ActivityManager: 	at com.android.server.policy.PhoneWindowManager.sendVoiceBroadcast(PhoneWindowManager.java:6716)
11-07 18:36:20.306   857   997 E ActivityManager: 	at com.android.server.policy.PhoneWindowManager.interceptKeyBeforeDispatching(PhoneWindowManager.java:3299)
11-07 18:36:20.306   857   997 E ActivityManager: 	at com.android.server.wm.InputManagerCallback.interceptKeyBeforeDispatching(InputManagerCallback.java:183)
11-07 18:36:20.306   857   997 E ActivityManager: 	at com.android.server.input.InputManagerService.interceptKeyBeforeDispatching(InputManagerService.java:2507)
11-07 18:36:20.307   857   997 D WindowManager:  keyCodeStr=47_426
11-07 18:36:20.309  2172  2172 I RemoteIME: onKeyUp keyCode : 47
11-07 18:36:20.309  2961  2961 I HomeSearchActivity: dispatchKeyEvent: 1
11-07 18:36:20.310  3112  3112 I MenuTimerObserver: MenuTimerObserver onChange:  option -> key_zeasn_record_user_rc_operation
11-07 18:36:20.313  3112  3112 I WhaleOsApp: MenuTimerImpl refreshShopModeAction -> 
11-07 18:36:20.313  3112  3112 D PidFactory: use env2 config ,env -> prod
11-07 18:36:20.313  3112  3112 I WhaleOsApp: MenuTimerImpl shopModeEnable -> false
11-07 18:36:20.313  3112  3112 I WhaleOsApp: MenuTimerImpl cancel enter E-sticker shop mode...
11-07 18:36:20.323  2961  2961 I MenuTimerObserver: MenuTimerObserver onChange:  option -> key_zeasn_record_user_rc_operation
